Archive member included to satisfy reference by file (symbol)

c:/tools/avr-gcc-7.3.0-atmel3.6.1-arduino7-i686-w64-mingw32/avr/bin/../lib/gcc/avr/7.3.0/avr5\libgcc.a(_exit.o)
                              c:/tools/avr-gcc-7.3.0-atmel3.6.1-arduino7-i686-w64-mingw32/avr/bin/../lib/gcc/avr/7.3.0/../../../../avr/lib/avr5/crtatmega328p.o (exit)
c:/tools/avr-gcc-7.3.0-atmel3.6.1-arduino7-i686-w64-mingw32/avr/bin/../lib/gcc/avr/7.3.0/avr5\libgcc.a(_divmodhi4.o)
                              C:\Users\zwing\AppData\Local\Temp\ccIpt1t1.ltrans0.ltrans.o (__divmodhi4)
c:/tools/avr-gcc-7.3.0-atmel3.6.1-arduino7-i686-w64-mingw32/avr/bin/../lib/gcc/avr/7.3.0/avr5\libgcc.a(_copy_data.o)
                              C:\Users\zwing\AppData\Local\Temp\ccIpt1t1.ltrans0.ltrans.o (__do_copy_data)
c:/tools/avr-gcc-7.3.0-atmel3.6.1-arduino7-i686-w64-mingw32/avr/bin/../lib/gcc/avr/7.3.0/avr5\libgcc.a(_clear_bss.o)
                              C:\Users\zwing\AppData\Local\Temp\ccIpt1t1.ltrans0.ltrans.o (__do_clear_bss)
c:/tools/avr-gcc-7.3.0-atmel3.6.1-arduino7-i686-w64-mingw32/avr/bin/../lib/gcc/avr/7.3.0/avr5\libgcc.a(_udivmodhi4.o)
                              c:/tools/avr-gcc-7.3.0-atmel3.6.1-arduino7-i686-w64-mingw32/avr/bin/../lib/gcc/avr/7.3.0/avr5\libgcc.a(_divmodhi4.o) (__udivmodhi4)
c:/tools/avr-gcc-7.3.0-atmel3.6.1-arduino7-i686-w64-mingw32/avr/bin/../lib/gcc/avr/7.3.0/../../../../avr/lib/avr5\libm.a(addsf3.o)
                              C:\Users\zwing\AppData\Local\Temp\ccIpt1t1.ltrans0.ltrans.o (__subsf3)
c:/tools/avr-gcc-7.3.0-atmel3.6.1-arduino7-i686-w64-mingw32/avr/bin/../lib/gcc/avr/7.3.0/../../../../avr/lib/avr5\libm.a(addsf3x.o)
                              c:/tools/avr-gcc-7.3.0-atmel3.6.1-arduino7-i686-w64-mingw32/avr/bin/../lib/gcc/avr/7.3.0/../../../../avr/lib/avr5\libm.a(addsf3.o) (__addsf3x)
c:/tools/avr-gcc-7.3.0-atmel3.6.1-arduino7-i686-w64-mingw32/avr/bin/../lib/gcc/avr/7.3.0/../../../../avr/lib/avr5\libm.a(cmpsf2.o)
                              C:\Users\zwing\AppData\Local\Temp\ccIpt1t1.ltrans0.ltrans.o (__ltsf2)
c:/tools/avr-gcc-7.3.0-atmel3.6.1-arduino7-i686-w64-mingw32/avr/bin/../lib/gcc/avr/7.3.0/../../../../avr/lib/avr5\libm.a(fixsfsi.o)
                              C:\Users\zwing\AppData\Local\Temp\ccIpt1t1.ltrans0.ltrans.o (__fixsfsi)
c:/tools/avr-gcc-7.3.0-atmel3.6.1-arduino7-i686-w64-mingw32/avr/bin/../lib/gcc/avr/7.3.0/../../../../avr/lib/avr5\libm.a(fixunssfsi.o)
                              C:\Users\zwing\AppData\Local\Temp\ccIpt1t1.ltrans0.ltrans.o (__fixunssfsi)
c:/tools/avr-gcc-7.3.0-atmel3.6.1-arduino7-i686-w64-mingw32/avr/bin/../lib/gcc/avr/7.3.0/../../../../avr/lib/avr5\libm.a(floatsisf.o)
                              C:\Users\zwing\AppData\Local\Temp\ccIpt1t1.ltrans0.ltrans.o (__floatsisf)
c:/tools/avr-gcc-7.3.0-atmel3.6.1-arduino7-i686-w64-mingw32/avr/bin/../lib/gcc/avr/7.3.0/../../../../avr/lib/avr5\libm.a(floor.o)
                              C:\Users\zwing\AppData\Local\Temp\ccIpt1t1.ltrans0.ltrans.o (floor)
c:/tools/avr-gcc-7.3.0-atmel3.6.1-arduino7-i686-w64-mingw32/avr/bin/../lib/gcc/avr/7.3.0/../../../../avr/lib/avr5\libm.a(fp_cmp.o)
                              c:/tools/avr-gcc-7.3.0-atmel3.6.1-arduino7-i686-w64-mingw32/avr/bin/../lib/gcc/avr/7.3.0/../../../../avr/lib/avr5\libm.a(cmpsf2.o) (__fp_cmp)
c:/tools/avr-gcc-7.3.0-atmel3.6.1-arduino7-i686-w64-mingw32/avr/bin/../lib/gcc/avr/7.3.0/../../../../avr/lib/avr5\libm.a(fp_inf.o)
                              c:/tools/avr-gcc-7.3.0-atmel3.6.1-arduino7-i686-w64-mingw32/avr/bin/../lib/gcc/avr/7.3.0/../../../../avr/lib/avr5\libm.a(addsf3x.o) (__fp_inf)
c:/tools/avr-gcc-7.3.0-atmel3.6.1-arduino7-i686-w64-mingw32/avr/bin/../lib/gcc/avr/7.3.0/../../../../avr/lib/avr5\libm.a(fp_mintl.o)
                              c:/tools/avr-gcc-7.3.0-atmel3.6.1-arduino7-i686-w64-mingw32/avr/bin/../lib/gcc/avr/7.3.0/../../../../avr/lib/avr5\libm.a(floor.o) (__fp_mintl)
c:/tools/avr-gcc-7.3.0-atmel3.6.1-arduino7-i686-w64-mingw32/avr/bin/../lib/gcc/avr/7.3.0/../../../../avr/lib/avr5\libm.a(fp_mpack.o)
                              c:/tools/avr-gcc-7.3.0-atmel3.6.1-arduino7-i686-w64-mingw32/avr/bin/../lib/gcc/avr/7.3.0/../../../../avr/lib/avr5\libm.a(floor.o) (__fp_mpack)
c:/tools/avr-gcc-7.3.0-atmel3.6.1-arduino7-i686-w64-mingw32/avr/bin/../lib/gcc/avr/7.3.0/../../../../avr/lib/avr5\libm.a(fp_nan.o)
                              c:/tools/avr-gcc-7.3.0-atmel3.6.1-arduino7-i686-w64-mingw32/avr/bin/../lib/gcc/avr/7.3.0/../../../../avr/lib/avr5\libm.a(addsf3x.o) (__fp_nan)
c:/tools/avr-gcc-7.3.0-atmel3.6.1-arduino7-i686-w64-mingw32/avr/bin/../lib/gcc/avr/7.3.0/../../../../avr/lib/avr5\libm.a(fp_pscA.o)
                              c:/tools/avr-gcc-7.3.0-atmel3.6.1-arduino7-i686-w64-mingw32/avr/bin/../lib/gcc/avr/7.3.0/../../../../avr/lib/avr5\libm.a(addsf3x.o) (__fp_pscA)
c:/tools/avr-gcc-7.3.0-atmel3.6.1-arduino7-i686-w64-mingw32/avr/bin/../lib/gcc/avr/7.3.0/../../../../avr/lib/avr5\libm.a(fp_pscB.o)
                              c:/tools/avr-gcc-7.3.0-atmel3.6.1-arduino7-i686-w64-mingw32/avr/bin/../lib/gcc/avr/7.3.0/../../../../avr/lib/avr5\libm.a(addsf3x.o) (__fp_pscB)
c:/tools/avr-gcc-7.3.0-atmel3.6.1-arduino7-i686-w64-mingw32/avr/bin/../lib/gcc/avr/7.3.0/../../../../avr/lib/avr5\libm.a(fp_round.o)
                              c:/tools/avr-gcc-7.3.0-atmel3.6.1-arduino7-i686-w64-mingw32/avr/bin/../lib/gcc/avr/7.3.0/../../../../avr/lib/avr5\libm.a(addsf3.o) (__fp_round)
c:/tools/avr-gcc-7.3.0-atmel3.6.1-arduino7-i686-w64-mingw32/avr/bin/../lib/gcc/avr/7.3.0/../../../../avr/lib/avr5\libm.a(fp_split3.o)
                              c:/tools/avr-gcc-7.3.0-atmel3.6.1-arduino7-i686-w64-mingw32/avr/bin/../lib/gcc/avr/7.3.0/../../../../avr/lib/avr5\libm.a(addsf3x.o) (__fp_split3)
c:/tools/avr-gcc-7.3.0-atmel3.6.1-arduino7-i686-w64-mingw32/avr/bin/../lib/gcc/avr/7.3.0/../../../../avr/lib/avr5\libm.a(fp_trunc.o)
                              c:/tools/avr-gcc-7.3.0-atmel3.6.1-arduino7-i686-w64-mingw32/avr/bin/../lib/gcc/avr/7.3.0/../../../../avr/lib/avr5\libm.a(floor.o) (__fp_trunc)
c:/tools/avr-gcc-7.3.0-atmel3.6.1-arduino7-i686-w64-mingw32/avr/bin/../lib/gcc/avr/7.3.0/../../../../avr/lib/avr5\libm.a(fp_zero.o)
                              c:/tools/avr-gcc-7.3.0-atmel3.6.1-arduino7-i686-w64-mingw32/avr/bin/../lib/gcc/avr/7.3.0/../../../../avr/lib/avr5\libm.a(addsf3x.o) (__fp_zero)
c:/tools/avr-gcc-7.3.0-atmel3.6.1-arduino7-i686-w64-mingw32/avr/bin/../lib/gcc/avr/7.3.0/../../../../avr/lib/avr5\libm.a(mulsf3.o)
                              C:\Users\zwing\AppData\Local\Temp\ccIpt1t1.ltrans0.ltrans.o (__mulsf3)
c:/tools/avr-gcc-7.3.0-atmel3.6.1-arduino7-i686-w64-mingw32/avr/bin/../lib/gcc/avr/7.3.0/../../../../avr/lib/avr5\libm.a(mulsf3x.o)
                              c:/tools/avr-gcc-7.3.0-atmel3.6.1-arduino7-i686-w64-mingw32/avr/bin/../lib/gcc/avr/7.3.0/../../../../avr/lib/avr5\libm.a(mulsf3.o) (__mulsf3x)

Discarded input sections

 .data          0x00000000        0x0 c:/tools/avr-gcc-7.3.0-atmel3.6.1-arduino7-i686-w64-mingw32/avr/bin/../lib/gcc/avr/7.3.0/../../../../avr/lib/avr5/crtatmega328p.o
 .bss           0x00000000        0x0 c:/tools/avr-gcc-7.3.0-atmel3.6.1-arduino7-i686-w64-mingw32/avr/bin/../lib/gcc/avr/7.3.0/../../../../avr/lib/avr5/crtatmega328p.o
 .text          0x00000000        0x0 CMakeFiles/atmega328p_fw.elf.dir/Framebuffer.cpp.obj (symbol from plugin)
 .data          0x00000000        0x0 C:\Users\zwing\AppData\Local\Temp\ccIpt1t1.ltrans0.ltrans.o
 .text          0x00000000        0x0 CMakeFiles/atmega328p_fw.elf.dir/I2C.cpp.obj (symbol from plugin)
 .text          0x00000000        0x0 CMakeFiles/atmega328p_fw.elf.dir/SSD1306.cpp.obj (symbol from plugin)
 .text          0x00000000        0x0 CMakeFiles/atmega328p_fw.elf.dir/main.cpp.obj (symbol from plugin)
 .text          0x00000000        0x0 CMakeFiles/atmega328p_fw.elf.dir/millis.c.obj (symbol from plugin)
 .text          0x00000000        0x0 CMakeFiles/atmega328p_fw.elf.dir/mpu9250.c.obj (symbol from plugin)
 .text          0x00000000        0x0 CMakeFiles/atmega328p_fw.elf.dir/twi.c.obj (symbol from plugin)
 .text          0x00000000        0x0 CMakeFiles/atmega328p_fw.elf.dir/uart.c.obj (symbol from plugin)
 .text          0x00000000        0x0 c:/tools/avr-gcc-7.3.0-atmel3.6.1-arduino7-i686-w64-mingw32/avr/bin/../lib/gcc/avr/7.3.0/avr5\libgcc.a(_exit.o)
 .data          0x00000000        0x0 c:/tools/avr-gcc-7.3.0-atmel3.6.1-arduino7-i686-w64-mingw32/avr/bin/../lib/gcc/avr/7.3.0/avr5\libgcc.a(_exit.o)
 .bss           0x00000000        0x0 c:/tools/avr-gcc-7.3.0-atmel3.6.1-arduino7-i686-w64-mingw32/avr/bin/../lib/gcc/avr/7.3.0/avr5\libgcc.a(_exit.o)
 .text.libgcc.mul
                0x00000000        0x0 c:/tools/avr-gcc-7.3.0-atmel3.6.1-arduino7-i686-w64-mingw32/avr/bin/../lib/gcc/avr/7.3.0/avr5\libgcc.a(_exit.o)
 .text.libgcc.div
                0x00000000        0x0 c:/tools/avr-gcc-7.3.0-atmel3.6.1-arduino7-i686-w64-mingw32/avr/bin/../lib/gcc/avr/7.3.0/avr5\libgcc.a(_exit.o)
 .text.libgcc   0x00000000        0x0 c:/tools/avr-gcc-7.3.0-atmel3.6.1-arduino7-i686-w64-mingw32/avr/bin/../lib/gcc/avr/7.3.0/avr5\libgcc.a(_exit.o)
 .text.libgcc.prologue
                0x00000000        0x0 c:/tools/avr-gcc-7.3.0-atmel3.6.1-arduino7-i686-w64-mingw32/avr/bin/../lib/gcc/avr/7.3.0/avr5\libgcc.a(_exit.o)
 .text.libgcc.builtins
                0x00000000        0x0 c:/tools/avr-gcc-7.3.0-atmel3.6.1-arduino7-i686-w64-mingw32/avr/bin/../lib/gcc/avr/7.3.0/avr5\libgcc.a(_exit.o)
 .text.libgcc.fmul
                0x00000000        0x0 c:/tools/avr-gcc-7.3.0-atmel3.6.1-arduino7-i686-w64-mingw32/avr/bin/../lib/gcc/avr/7.3.0/avr5\libgcc.a(_exit.o)
 .text.libgcc.fixed
                0x00000000        0x0 c:/tools/avr-gcc-7.3.0-atmel3.6.1-arduino7-i686-w64-mingw32/avr/bin/../lib/gcc/avr/7.3.0/avr5\libgcc.a(_exit.o)
 .text          0x00000000        0x0 c:/tools/avr-gcc-7.3.0-atmel3.6.1-arduino7-i686-w64-mingw32/avr/bin/../lib/gcc/avr/7.3.0/avr5\libgcc.a(_divmodhi4.o)
 .data          0x00000000        0x0 c:/tools/avr-gcc-7.3.0-atmel3.6.1-arduino7-i686-w64-mingw32/avr/bin/../lib/gcc/avr/7.3.0/avr5\libgcc.a(_divmodhi4.o)
 .bss           0x00000000        0x0 c:/tools/avr-gcc-7.3.0-atmel3.6.1-arduino7-i686-w64-mingw32/avr/bin/../lib/gcc/avr/7.3.0/avr5\libgcc.a(_divmodhi4.o)
 .text.libgcc.mul
                0x00000000        0x0 c:/tools/avr-gcc-7.3.0-atmel3.6.1-arduino7-i686-w64-mingw32/avr/bin/../lib/gcc/avr/7.3.0/avr5\libgcc.a(_divmodhi4.o)
 .text.libgcc   0x00000000        0x0 c:/tools/avr-gcc-7.3.0-atmel3.6.1-arduino7-i686-w64-mingw32/avr/bin/../lib/gcc/avr/7.3.0/avr5\libgcc.a(_divmodhi4.o)
 .text.libgcc.prologue
                0x00000000        0x0 c:/tools/avr-gcc-7.3.0-atmel3.6.1-arduino7-i686-w64-mingw32/avr/bin/../lib/gcc/avr/7.3.0/avr5\libgcc.a(_divmodhi4.o)
 .text.libgcc.builtins
                0x00000000        0x0 c:/tools/avr-gcc-7.3.0-atmel3.6.1-arduino7-i686-w64-mingw32/avr/bin/../lib/gcc/avr/7.3.0/avr5\libgcc.a(_divmodhi4.o)
 .text.libgcc.fmul
                0x00000000        0x0 c:/tools/avr-gcc-7.3.0-atmel3.6.1-arduino7-i686-w64-mingw32/avr/bin/../lib/gcc/avr/7.3.0/avr5\libgcc.a(_divmodhi4.o)
 .text.libgcc.fixed
                0x00000000        0x0 c:/tools/avr-gcc-7.3.0-atmel3.6.1-arduino7-i686-w64-mingw32/avr/bin/../lib/gcc/avr/7.3.0/avr5\libgcc.a(_divmodhi4.o)
 .text          0x00000000        0x0 c:/tools/avr-gcc-7.3.0-atmel3.6.1-arduino7-i686-w64-mingw32/avr/bin/../lib/gcc/avr/7.3.0/avr5\libgcc.a(_copy_data.o)
 .data          0x00000000        0x0 c:/tools/avr-gcc-7.3.0-atmel3.6.1-arduino7-i686-w64-mingw32/avr/bin/../lib/gcc/avr/7.3.0/avr5\libgcc.a(_copy_data.o)
 .bss           0x00000000        0x0 c:/tools/avr-gcc-7.3.0-atmel3.6.1-arduino7-i686-w64-mingw32/avr/bin/../lib/gcc/avr/7.3.0/avr5\libgcc.a(_copy_data.o)
 .text.libgcc.mul
                0x00000000        0x0 c:/tools/avr-gcc-7.3.0-atmel3.6.1-arduino7-i686-w64-mingw32/avr/bin/../lib/gcc/avr/7.3.0/avr5\libgcc.a(_copy_data.o)
 .text.libgcc.div
                0x00000000        0x0 c:/tools/avr-gcc-7.3.0-atmel3.6.1-arduino7-i686-w64-mingw32/avr/bin/../lib/gcc/avr/7.3.0/avr5\libgcc.a(_copy_data.o)
 .text.libgcc   0x00000000        0x0 c:/tools/avr-gcc-7.3.0-atmel3.6.1-arduino7-i686-w64-mingw32/avr/bin/../lib/gcc/avr/7.3.0/avr5\libgcc.a(_copy_data.o)
 .text.libgcc.prologue
                0x00000000        0x0 c:/tools/avr-gcc-7.3.0-atmel3.6.1-arduino7-i686-w64-mingw32/avr/bin/../lib/gcc/avr/7.3.0/avr5\libgcc.a(_copy_data.o)
 .text.libgcc.builtins
                0x00000000        0x0 c:/tools/avr-gcc-7.3.0-atmel3.6.1-arduino7-i686-w64-mingw32/avr/bin/../lib/gcc/avr/7.3.0/avr5\libgcc.a(_copy_data.o)
 .text.libgcc.fmul
                0x00000000        0x0 c:/tools/avr-gcc-7.3.0-atmel3.6.1-arduino7-i686-w64-mingw32/avr/bin/../lib/gcc/avr/7.3.0/avr5\libgcc.a(_copy_data.o)
 .text.libgcc.fixed
                0x00000000        0x0 c:/tools/avr-gcc-7.3.0-atmel3.6.1-arduino7-i686-w64-mingw32/avr/bin/../lib/gcc/avr/7.3.0/avr5\libgcc.a(_copy_data.o)
 .text          0x00000000        0x0 c:/tools/avr-gcc-7.3.0-atmel3.6.1-arduino7-i686-w64-mingw32/avr/bin/../lib/gcc/avr/7.3.0/avr5\libgcc.a(_clear_bss.o)
 .data          0x00000000        0x0 c:/tools/avr-gcc-7.3.0-atmel3.6.1-arduino7-i686-w64-mingw32/avr/bin/../lib/gcc/avr/7.3.0/avr5\libgcc.a(_clear_bss.o)
 .bss           0x00000000        0x0 c:/tools/avr-gcc-7.3.0-atmel3.6.1-arduino7-i686-w64-mingw32/avr/bin/../lib/gcc/avr/7.3.0/avr5\libgcc.a(_clear_bss.o)
 .text.libgcc.mul
                0x00000000        0x0 c:/tools/avr-gcc-7.3.0-atmel3.6.1-arduino7-i686-w64-mingw32/avr/bin/../lib/gcc/avr/7.3.0/avr5\libgcc.a(_clear_bss.o)
 .text.libgcc.div
                0x00000000        0x0 c:/tools/avr-gcc-7.3.0-atmel3.6.1-arduino7-i686-w64-mingw32/avr/bin/../lib/gcc/avr/7.3.0/avr5\libgcc.a(_clear_bss.o)
 .text.libgcc   0x00000000        0x0 c:/tools/avr-gcc-7.3.0-atmel3.6.1-arduino7-i686-w64-mingw32/avr/bin/../lib/gcc/avr/7.3.0/avr5\libgcc.a(_clear_bss.o)
 .text.libgcc.prologue
                0x00000000        0x0 c:/tools/avr-gcc-7.3.0-atmel3.6.1-arduino7-i686-w64-mingw32/avr/bin/../lib/gcc/avr/7.3.0/avr5\libgcc.a(_clear_bss.o)
 .text.libgcc.builtins
                0x00000000        0x0 c:/tools/avr-gcc-7.3.0-atmel3.6.1-arduino7-i686-w64-mingw32/avr/bin/../lib/gcc/avr/7.3.0/avr5\libgcc.a(_clear_bss.o)
 .text.libgcc.fmul
                0x00000000        0x0 c:/tools/avr-gcc-7.3.0-atmel3.6.1-arduino7-i686-w64-mingw32/avr/bin/../lib/gcc/avr/7.3.0/avr5\libgcc.a(_clear_bss.o)
 .text.libgcc.fixed
                0x00000000        0x0 c:/tools/avr-gcc-7.3.0-atmel3.6.1-arduino7-i686-w64-mingw32/avr/bin/../lib/gcc/avr/7.3.0/avr5\libgcc.a(_clear_bss.o)
 .text          0x00000000        0x0 c:/tools/avr-gcc-7.3.0-atmel3.6.1-arduino7-i686-w64-mingw32/avr/bin/../lib/gcc/avr/7.3.0/avr5\libgcc.a(_udivmodhi4.o)
 .data          0x00000000        0x0 c:/tools/avr-gcc-7.3.0-atmel3.6.1-arduino7-i686-w64-mingw32/avr/bin/../lib/gcc/avr/7.3.0/avr5\libgcc.a(_udivmodhi4.o)
 .bss           0x00000000        0x0 c:/tools/avr-gcc-7.3.0-atmel3.6.1-arduino7-i686-w64-mingw32/avr/bin/../lib/gcc/avr/7.3.0/avr5\libgcc.a(_udivmodhi4.o)
 .text.libgcc.mul
                0x00000000        0x0 c:/tools/avr-gcc-7.3.0-atmel3.6.1-arduino7-i686-w64-mingw32/avr/bin/../lib/gcc/avr/7.3.0/avr5\libgcc.a(_udivmodhi4.o)
 .text.libgcc   0x00000000        0x0 c:/tools/avr-gcc-7.3.0-atmel3.6.1-arduino7-i686-w64-mingw32/avr/bin/../lib/gcc/avr/7.3.0/avr5\libgcc.a(_udivmodhi4.o)
 .text.libgcc.prologue
                0x00000000        0x0 c:/tools/avr-gcc-7.3.0-atmel3.6.1-arduino7-i686-w64-mingw32/avr/bin/../lib/gcc/avr/7.3.0/avr5\libgcc.a(_udivmodhi4.o)
 .text.libgcc.builtins
                0x00000000        0x0 c:/tools/avr-gcc-7.3.0-atmel3.6.1-arduino7-i686-w64-mingw32/avr/bin/../lib/gcc/avr/7.3.0/avr5\libgcc.a(_udivmodhi4.o)
 .text.libgcc.fmul
                0x00000000        0x0 c:/tools/avr-gcc-7.3.0-atmel3.6.1-arduino7-i686-w64-mingw32/avr/bin/../lib/gcc/avr/7.3.0/avr5\libgcc.a(_udivmodhi4.o)
 .text.libgcc.fixed
                0x00000000        0x0 c:/tools/avr-gcc-7.3.0-atmel3.6.1-arduino7-i686-w64-mingw32/avr/bin/../lib/gcc/avr/7.3.0/avr5\libgcc.a(_udivmodhi4.o)
 .text          0x00000000        0x0 c:/tools/avr-gcc-7.3.0-atmel3.6.1-arduino7-i686-w64-mingw32/avr/bin/../lib/gcc/avr/7.3.0/../../../../avr/lib/avr5\libm.a(addsf3.o)
 .data          0x00000000        0x0 c:/tools/avr-gcc-7.3.0-atmel3.6.1-arduino7-i686-w64-mingw32/avr/bin/../lib/gcc/avr/7.3.0/../../../../avr/lib/avr5\libm.a(addsf3.o)
 .bss           0x00000000        0x0 c:/tools/avr-gcc-7.3.0-atmel3.6.1-arduino7-i686-w64-mingw32/avr/bin/../lib/gcc/avr/7.3.0/../../../../avr/lib/avr5\libm.a(addsf3.o)
 .text          0x00000000        0x0 c:/tools/avr-gcc-7.3.0-atmel3.6.1-arduino7-i686-w64-mingw32/avr/bin/../lib/gcc/avr/7.3.0/../../../../avr/lib/avr5\libm.a(addsf3x.o)
 .data          0x00000000        0x0 c:/tools/avr-gcc-7.3.0-atmel3.6.1-arduino7-i686-w64-mingw32/avr/bin/../lib/gcc/avr/7.3.0/../../../../avr/lib/avr5\libm.a(addsf3x.o)
 .bss           0x00000000        0x0 c:/tools/avr-gcc-7.3.0-atmel3.6.1-arduino7-i686-w64-mingw32/avr/bin/../lib/gcc/avr/7.3.0/../../../../avr/lib/avr5\libm.a(addsf3x.o)
 .text          0x00000000        0x0 c:/tools/avr-gcc-7.3.0-atmel3.6.1-arduino7-i686-w64-mingw32/avr/bin/../lib/gcc/avr/7.3.0/../../../../avr/lib/avr5\libm.a(cmpsf2.o)
 .data          0x00000000        0x0 c:/tools/avr-gcc-7.3.0-atmel3.6.1-arduino7-i686-w64-mingw32/avr/bin/../lib/gcc/avr/7.3.0/../../../../avr/lib/avr5\libm.a(cmpsf2.o)
 .bss           0x00000000        0x0 c:/tools/avr-gcc-7.3.0-atmel3.6.1-arduino7-i686-w64-mingw32/avr/bin/../lib/gcc/avr/7.3.0/../../../../avr/lib/avr5\libm.a(cmpsf2.o)
 .text          0x00000000        0x0 c:/tools/avr-gcc-7.3.0-atmel3.6.1-arduino7-i686-w64-mingw32/avr/bin/../lib/gcc/avr/7.3.0/../../../../avr/lib/avr5\libm.a(fixsfsi.o)
 .data          0x00000000        0x0 c:/tools/avr-gcc-7.3.0-atmel3.6.1-arduino7-i686-w64-mingw32/avr/bin/../lib/gcc/avr/7.3.0/../../../../avr/lib/avr5\libm.a(fixsfsi.o)
 .bss           0x00000000        0x0 c:/tools/avr-gcc-7.3.0-atmel3.6.1-arduino7-i686-w64-mingw32/avr/bin/../lib/gcc/avr/7.3.0/../../../../avr/lib/avr5\libm.a(fixsfsi.o)
 .text          0x00000000        0x0 c:/tools/avr-gcc-7.3.0-atmel3.6.1-arduino7-i686-w64-mingw32/avr/bin/../lib/gcc/avr/7.3.0/../../../../avr/lib/avr5\libm.a(fixunssfsi.o)
 .data          0x00000000        0x0 c:/tools/avr-gcc-7.3.0-atmel3.6.1-arduino7-i686-w64-mingw32/avr/bin/../lib/gcc/avr/7.3.0/../../../../avr/lib/avr5\libm.a(fixunssfsi.o)
 .bss           0x00000000        0x0 c:/tools/avr-gcc-7.3.0-atmel3.6.1-arduino7-i686-w64-mingw32/avr/bin/../lib/gcc/avr/7.3.0/../../../../avr/lib/avr5\libm.a(fixunssfsi.o)
 .text          0x00000000        0x0 c:/tools/avr-gcc-7.3.0-atmel3.6.1-arduino7-i686-w64-mingw32/avr/bin/../lib/gcc/avr/7.3.0/../../../../avr/lib/avr5\libm.a(floatsisf.o)
 .data          0x00000000        0x0 c:/tools/avr-gcc-7.3.0-atmel3.6.1-arduino7-i686-w64-mingw32/avr/bin/../lib/gcc/avr/7.3.0/../../../../avr/lib/avr5\libm.a(floatsisf.o)
 .bss           0x00000000        0x0 c:/tools/avr-gcc-7.3.0-atmel3.6.1-arduino7-i686-w64-mingw32/avr/bin/../lib/gcc/avr/7.3.0/../../../../avr/lib/avr5\libm.a(floatsisf.o)
 .text          0x00000000        0x0 c:/tools/avr-gcc-7.3.0-atmel3.6.1-arduino7-i686-w64-mingw32/avr/bin/../lib/gcc/avr/7.3.0/../../../../avr/lib/avr5\libm.a(floor.o)
 .data          0x00000000        0x0 c:/tools/avr-gcc-7.3.0-atmel3.6.1-arduino7-i686-w64-mingw32/avr/bin/../lib/gcc/avr/7.3.0/../../../../avr/lib/avr5\libm.a(floor.o)
 .bss           0x00000000        0x0 c:/tools/avr-gcc-7.3.0-atmel3.6.1-arduino7-i686-w64-mingw32/avr/bin/../lib/gcc/avr/7.3.0/../../../../avr/lib/avr5\libm.a(floor.o)
 .text          0x00000000        0x0 c:/tools/avr-gcc-7.3.0-atmel3.6.1-arduino7-i686-w64-mingw32/avr/bin/../lib/gcc/avr/7.3.0/../../../../avr/lib/avr5\libm.a(fp_cmp.o)
 .data          0x00000000        0x0 c:/tools/avr-gcc-7.3.0-atmel3.6.1-arduino7-i686-w64-mingw32/avr/bin/../lib/gcc/avr/7.3.0/../../../../avr/lib/avr5\libm.a(fp_cmp.o)
 .bss           0x00000000        0x0 c:/tools/avr-gcc-7.3.0-atmel3.6.1-arduino7-i686-w64-mingw32/avr/bin/../lib/gcc/avr/7.3.0/../../../../avr/lib/avr5\libm.a(fp_cmp.o)
 .text          0x00000000        0x0 c:/tools/avr-gcc-7.3.0-atmel3.6.1-arduino7-i686-w64-mingw32/avr/bin/../lib/gcc/avr/7.3.0/../../../../avr/lib/avr5\libm.a(fp_inf.o)
 .data          0x00000000        0x0 c:/tools/avr-gcc-7.3.0-atmel3.6.1-arduino7-i686-w64-mingw32/avr/bin/../lib/gcc/avr/7.3.0/../../../../avr/lib/avr5\libm.a(fp_inf.o)
 .bss           0x00000000        0x0 c:/tools/avr-gcc-7.3.0-atmel3.6.1-arduino7-i686-w64-mingw32/avr/bin/../lib/gcc/avr/7.3.0/../../../../avr/lib/avr5\libm.a(fp_inf.o)
 .text          0x00000000        0x0 c:/tools/avr-gcc-7.3.0-atmel3.6.1-arduino7-i686-w64-mingw32/avr/bin/../lib/gcc/avr/7.3.0/../../../../avr/lib/avr5\libm.a(fp_mintl.o)
 .data          0x00000000        0x0 c:/tools/avr-gcc-7.3.0-atmel3.6.1-arduino7-i686-w64-mingw32/avr/bin/../lib/gcc/avr/7.3.0/../../../../avr/lib/avr5\libm.a(fp_mintl.o)
 .bss           0x00000000        0x0 c:/tools/avr-gcc-7.3.0-atmel3.6.1-arduino7-i686-w64-mingw32/avr/bin/../lib/gcc/avr/7.3.0/../../../../avr/lib/avr5\libm.a(fp_mintl.o)
 .text          0x00000000        0x0 c:/tools/avr-gcc-7.3.0-atmel3.6.1-arduino7-i686-w64-mingw32/avr/bin/../lib/gcc/avr/7.3.0/../../../../avr/lib/avr5\libm.a(fp_mpack.o)
 .data          0x00000000        0x0 c:/tools/avr-gcc-7.3.0-atmel3.6.1-arduino7-i686-w64-mingw32/avr/bin/../lib/gcc/avr/7.3.0/../../../../avr/lib/avr5\libm.a(fp_mpack.o)
 .bss           0x00000000        0x0 c:/tools/avr-gcc-7.3.0-atmel3.6.1-arduino7-i686-w64-mingw32/avr/bin/../lib/gcc/avr/7.3.0/../../../../avr/lib/avr5\libm.a(fp_mpack.o)
 .text          0x00000000        0x0 c:/tools/avr-gcc-7.3.0-atmel3.6.1-arduino7-i686-w64-mingw32/avr/bin/../lib/gcc/avr/7.3.0/../../../../avr/lib/avr5\libm.a(fp_nan.o)
 .data          0x00000000        0x0 c:/tools/avr-gcc-7.3.0-atmel3.6.1-arduino7-i686-w64-mingw32/avr/bin/../lib/gcc/avr/7.3.0/../../../../avr/lib/avr5\libm.a(fp_nan.o)
 .bss           0x00000000        0x0 c:/tools/avr-gcc-7.3.0-atmel3.6.1-arduino7-i686-w64-mingw32/avr/bin/../lib/gcc/avr/7.3.0/../../../../avr/lib/avr5\libm.a(fp_nan.o)
 .text          0x00000000        0x0 c:/tools/avr-gcc-7.3.0-atmel3.6.1-arduino7-i686-w64-mingw32/avr/bin/../lib/gcc/avr/7.3.0/../../../../avr/lib/avr5\libm.a(fp_pscA.o)
 .data          0x00000000        0x0 c:/tools/avr-gcc-7.3.0-atmel3.6.1-arduino7-i686-w64-mingw32/avr/bin/../lib/gcc/avr/7.3.0/../../../../avr/lib/avr5\libm.a(fp_pscA.o)
 .bss           0x00000000        0x0 c:/tools/avr-gcc-7.3.0-atmel3.6.1-arduino7-i686-w64-mingw32/avr/bin/../lib/gcc/avr/7.3.0/../../../../avr/lib/avr5\libm.a(fp_pscA.o)
 .text          0x00000000        0x0 c:/tools/avr-gcc-7.3.0-atmel3.6.1-arduino7-i686-w64-mingw32/avr/bin/../lib/gcc/avr/7.3.0/../../../../avr/lib/avr5\libm.a(fp_pscB.o)
 .data          0x00000000        0x0 c:/tools/avr-gcc-7.3.0-atmel3.6.1-arduino7-i686-w64-mingw32/avr/bin/../lib/gcc/avr/7.3.0/../../../../avr/lib/avr5\libm.a(fp_pscB.o)
 .bss           0x00000000        0x0 c:/tools/avr-gcc-7.3.0-atmel3.6.1-arduino7-i686-w64-mingw32/avr/bin/../lib/gcc/avr/7.3.0/../../../../avr/lib/avr5\libm.a(fp_pscB.o)
 .text          0x00000000        0x0 c:/tools/avr-gcc-7.3.0-atmel3.6.1-arduino7-i686-w64-mingw32/avr/bin/../lib/gcc/avr/7.3.0/../../../../avr/lib/avr5\libm.a(fp_round.o)
 .data          0x00000000        0x0 c:/tools/avr-gcc-7.3.0-atmel3.6.1-arduino7-i686-w64-mingw32/avr/bin/../lib/gcc/avr/7.3.0/../../../../avr/lib/avr5\libm.a(fp_round.o)
 .bss           0x00000000        0x0 c:/tools/avr-gcc-7.3.0-atmel3.6.1-arduino7-i686-w64-mingw32/avr/bin/../lib/gcc/avr/7.3.0/../../../../avr/lib/avr5\libm.a(fp_round.o)
 .text          0x00000000        0x0 c:/tools/avr-gcc-7.3.0-atmel3.6.1-arduino7-i686-w64-mingw32/avr/bin/../lib/gcc/avr/7.3.0/../../../../avr/lib/avr5\libm.a(fp_split3.o)
 .data          0x00000000        0x0 c:/tools/avr-gcc-7.3.0-atmel3.6.1-arduino7-i686-w64-mingw32/avr/bin/../lib/gcc/avr/7.3.0/../../../../avr/lib/avr5\libm.a(fp_split3.o)
 .bss           0x00000000        0x0 c:/tools/avr-gcc-7.3.0-atmel3.6.1-arduino7-i686-w64-mingw32/avr/bin/../lib/gcc/avr/7.3.0/../../../../avr/lib/avr5\libm.a(fp_split3.o)
 .text          0x00000000        0x0 c:/tools/avr-gcc-7.3.0-atmel3.6.1-arduino7-i686-w64-mingw32/avr/bin/../lib/gcc/avr/7.3.0/../../../../avr/lib/avr5\libm.a(fp_trunc.o)
 .data          0x00000000        0x0 c:/tools/avr-gcc-7.3.0-atmel3.6.1-arduino7-i686-w64-mingw32/avr/bin/../lib/gcc/avr/7.3.0/../../../../avr/lib/avr5\libm.a(fp_trunc.o)
 .bss           0x00000000        0x0 c:/tools/avr-gcc-7.3.0-atmel3.6.1-arduino7-i686-w64-mingw32/avr/bin/../lib/gcc/avr/7.3.0/../../../../avr/lib/avr5\libm.a(fp_trunc.o)
 .text          0x00000000        0x0 c:/tools/avr-gcc-7.3.0-atmel3.6.1-arduino7-i686-w64-mingw32/avr/bin/../lib/gcc/avr/7.3.0/../../../../avr/lib/avr5\libm.a(fp_zero.o)
 .data          0x00000000        0x0 c:/tools/avr-gcc-7.3.0-atmel3.6.1-arduino7-i686-w64-mingw32/avr/bin/../lib/gcc/avr/7.3.0/../../../../avr/lib/avr5\libm.a(fp_zero.o)
 .bss           0x00000000        0x0 c:/tools/avr-gcc-7.3.0-atmel3.6.1-arduino7-i686-w64-mingw32/avr/bin/../lib/gcc/avr/7.3.0/../../../../avr/lib/avr5\libm.a(fp_zero.o)
 .text          0x00000000        0x0 c:/tools/avr-gcc-7.3.0-atmel3.6.1-arduino7-i686-w64-mingw32/avr/bin/../lib/gcc/avr/7.3.0/../../../../avr/lib/avr5\libm.a(mulsf3.o)
 .data          0x00000000        0x0 c:/tools/avr-gcc-7.3.0-atmel3.6.1-arduino7-i686-w64-mingw32/avr/bin/../lib/gcc/avr/7.3.0/../../../../avr/lib/avr5\libm.a(mulsf3.o)
 .bss           0x00000000        0x0 c:/tools/avr-gcc-7.3.0-atmel3.6.1-arduino7-i686-w64-mingw32/avr/bin/../lib/gcc/avr/7.3.0/../../../../avr/lib/avr5\libm.a(mulsf3.o)
 .text          0x00000000        0x0 c:/tools/avr-gcc-7.3.0-atmel3.6.1-arduino7-i686-w64-mingw32/avr/bin/../lib/gcc/avr/7.3.0/../../../../avr/lib/avr5\libm.a(mulsf3x.o)
 .data          0x00000000        0x0 c:/tools/avr-gcc-7.3.0-atmel3.6.1-arduino7-i686-w64-mingw32/avr/bin/../lib/gcc/avr/7.3.0/../../../../avr/lib/avr5\libm.a(mulsf3x.o)
 .bss           0x00000000        0x0 c:/tools/avr-gcc-7.3.0-atmel3.6.1-arduino7-i686-w64-mingw32/avr/bin/../lib/gcc/avr/7.3.0/../../../../avr/lib/avr5\libm.a(mulsf3x.o)

Memory Configuration

Name             Origin             Length             Attributes
text             0x00000000         0x00020000         xr
data             0x00800060         0x0000ffa0         rw !x
eeprom           0x00810000         0x00010000         rw !x
fuse             0x00820000         0x00000003         rw !x
lock             0x00830000         0x00000400         rw !x
signature        0x00840000         0x00000400         rw !x
user_signatures  0x00850000         0x00000400         rw !x
*default*        0x00000000         0xffffffff

Linker script and memory map

Address of section .data set to 0x800100
LOAD c:/tools/avr-gcc-7.3.0-atmel3.6.1-arduino7-i686-w64-mingw32/avr/bin/../lib/gcc/avr/7.3.0/../../../../avr/lib/avr5/crtatmega328p.o
LOAD CMakeFiles/atmega328p_fw.elf.dir/Framebuffer.cpp.obj
LOAD C:\Users\zwing\AppData\Local\Temp\ccIpt1t1.ltrans0.ltrans.o
LOAD CMakeFiles/atmega328p_fw.elf.dir/I2C.cpp.obj
LOAD CMakeFiles/atmega328p_fw.elf.dir/SSD1306.cpp.obj
LOAD CMakeFiles/atmega328p_fw.elf.dir/main.cpp.obj
LOAD CMakeFiles/atmega328p_fw.elf.dir/millis.c.obj
LOAD CMakeFiles/atmega328p_fw.elf.dir/mpu9250.c.obj
LOAD CMakeFiles/atmega328p_fw.elf.dir/twi.c.obj
LOAD CMakeFiles/atmega328p_fw.elf.dir/uart.c.obj
LOAD c:/tools/avr-gcc-7.3.0-atmel3.6.1-arduino7-i686-w64-mingw32/avr/bin/../lib/gcc/avr/7.3.0/avr5\libgcc.a
LOAD c:/tools/avr-gcc-7.3.0-atmel3.6.1-arduino7-i686-w64-mingw32/avr/bin/../lib/gcc/avr/7.3.0/../../../../avr/lib/avr5\libm.a
START GROUP
LOAD c:/tools/avr-gcc-7.3.0-atmel3.6.1-arduino7-i686-w64-mingw32/avr/bin/../lib/gcc/avr/7.3.0/avr5\libgcc.a
LOAD c:/tools/avr-gcc-7.3.0-atmel3.6.1-arduino7-i686-w64-mingw32/avr/bin/../lib/gcc/avr/7.3.0/../../../../avr/lib/avr5\libm.a
LOAD c:/tools/avr-gcc-7.3.0-atmel3.6.1-arduino7-i686-w64-mingw32/avr/bin/../lib/gcc/avr/7.3.0/../../../../avr/lib/avr5\libc.a
LOAD c:/tools/avr-gcc-7.3.0-atmel3.6.1-arduino7-i686-w64-mingw32/avr/bin/../lib/gcc/avr/7.3.0/../../../../avr/lib/avr5\libatmega328p.a
END GROUP
                0x00020000                __TEXT_REGION_LENGTH__ = DEFINED (__TEXT_REGION_LENGTH__)?__TEXT_REGION_LENGTH__:0x20000
                0x0000ffa0                __DATA_REGION_LENGTH__ = DEFINED (__DATA_REGION_LENGTH__)?__DATA_REGION_LENGTH__:0xffa0
                0x00010000                __EEPROM_REGION_LENGTH__ = DEFINED (__EEPROM_REGION_LENGTH__)?__EEPROM_REGION_LENGTH__:0x10000
                [0x00000003]                __FUSE_REGION_LENGTH__ = DEFINED (__FUSE_REGION_LENGTH__)?__FUSE_REGION_LENGTH__:0x400
                0x00000400                __LOCK_REGION_LENGTH__ = DEFINED (__LOCK_REGION_LENGTH__)?__LOCK_REGION_LENGTH__:0x400
                0x00000400                __SIGNATURE_REGION_LENGTH__ = DEFINED (__SIGNATURE_REGION_LENGTH__)?__SIGNATURE_REGION_LENGTH__:0x400
                0x00000400                __USER_SIGNATURE_REGION_LENGTH__ = DEFINED (__USER_SIGNATURE_REGION_LENGTH__)?__USER_SIGNATURE_REGION_LENGTH__:0x400
                0x00800060                __DATA_REGION_ORIGIN__ = DEFINED (__DATA_REGION_ORIGIN__)?__DATA_REGION_ORIGIN__:0x800060

.hash
 *(.hash)

.dynsym
 *(.dynsym)

.dynstr
 *(.dynstr)

.gnu.version
 *(.gnu.version)

.gnu.version_d
 *(.gnu.version_d)

.gnu.version_r
 *(.gnu.version_r)

.rel.init
 *(.rel.init)

.rela.init
 *(.rela.init)

.rel.text
 *(.rel.text)
 *(.rel.text.*)
 *(.rel.gnu.linkonce.t*)

.rela.text
 *(.rela.text)
 *(.rela.text.*)
 *(.rela.gnu.linkonce.t*)

.rel.fini
 *(.rel.fini)

.rela.fini
 *(.rela.fini)

.rel.rodata
 *(.rel.rodata)
 *(.rel.rodata.*)
 *(.rel.gnu.linkonce.r*)

.rela.rodata
 *(.rela.rodata)
 *(.rela.rodata.*)
 *(.rela.gnu.linkonce.r*)

.rel.data
 *(.rel.data)
 *(.rel.data.*)
 *(.rel.gnu.linkonce.d*)

.rela.data
 *(.rela.data)
 *(.rela.data.*)
 *(.rela.gnu.linkonce.d*)

.rel.ctors
 *(.rel.ctors)

.rela.ctors
 *(.rela.ctors)

.rel.dtors
 *(.rel.dtors)

.rela.dtors
 *(.rela.dtors)

.rel.got
 *(.rel.got)

.rela.got
 *(.rela.got)

.rel.bss
 *(.rel.bss)

.rela.bss
 *(.rela.bss)

.rel.plt
 *(.rel.plt)

.rela.plt
 *(.rela.plt)

.text           0x00000000     0x184c
 *(.vectors)
 .vectors       0x00000000       0x68 c:/tools/avr-gcc-7.3.0-atmel3.6.1-arduino7-i686-w64-mingw32/avr/bin/../lib/gcc/avr/7.3.0/../../../../avr/lib/avr5/crtatmega328p.o
                0x00000000                __vector_default
                0x00000000                __vectors
 *(.vectors)
 *(.progmem.gcc*)
                0x00000068                . = ALIGN (0x2)
                0x00000068                __trampolines_start = .
 *(.trampolines)
 .trampolines   0x00000068        0x0 linker stubs
 *(.trampolines*)
                0x00000068                __trampolines_end = .
 *libprintf_flt.a:*(.progmem.data)
 *libc.a:*(.progmem.data)
 *(.progmem*)
 .progmem.data  0x00000068      0x5f4 C:\Users\zwing\AppData\Local\Temp\ccIpt1t1.ltrans0.ltrans.o
                0x0000065c                . = ALIGN (0x2)
 *(.jumptables)
 *(.jumptables*)
 *(.lowtext)
 *(.lowtext*)
                0x0000065c                __ctors_start = .
 *(.ctors)
                0x0000065c                __ctors_end = .
                0x0000065c                __dtors_start = .
 *(.dtors)
                0x0000065c                __dtors_end = .
 SORT(*)(.ctors)
 SORT(*)(.dtors)
 *(.init0)
 .init0         0x0000065c        0x0 c:/tools/avr-gcc-7.3.0-atmel3.6.1-arduino7-i686-w64-mingw32/avr/bin/../lib/gcc/avr/7.3.0/../../../../avr/lib/avr5/crtatmega328p.o
                0x0000065c                __init
 *(.init0)
 *(.init1)
 *(.init1)
 *(.init2)
 .init2         0x0000065c        0xc c:/tools/avr-gcc-7.3.0-atmel3.6.1-arduino7-i686-w64-mingw32/avr/bin/../lib/gcc/avr/7.3.0/../../../../avr/lib/avr5/crtatmega328p.o
 *(.init2)
 *(.init3)
 *(.init3)
 *(.init4)
 .init4         0x00000668       0x16 c:/tools/avr-gcc-7.3.0-atmel3.6.1-arduino7-i686-w64-mingw32/avr/bin/../lib/gcc/avr/7.3.0/avr5\libgcc.a(_copy_data.o)
                0x00000668                __do_copy_data
 .init4         0x0000067e       0x10 c:/tools/avr-gcc-7.3.0-atmel3.6.1-arduino7-i686-w64-mingw32/avr/bin/../lib/gcc/avr/7.3.0/avr5\libgcc.a(_clear_bss.o)
                0x0000067e                __do_clear_bss
 *(.init4)
 *(.init5)
 *(.init5)
 *(.init6)
 *(.init6)
 *(.init7)
 *(.init7)
 *(.init8)
 *(.init8)
 *(.init9)
 .init9         0x0000068e        0x8 c:/tools/avr-gcc-7.3.0-atmel3.6.1-arduino7-i686-w64-mingw32/avr/bin/../lib/gcc/avr/7.3.0/../../../../avr/lib/avr5/crtatmega328p.o
 *(.init9)
 *(.text)
 .text          0x00000696        0x4 c:/tools/avr-gcc-7.3.0-atmel3.6.1-arduino7-i686-w64-mingw32/avr/bin/../lib/gcc/avr/7.3.0/../../../../avr/lib/avr5/crtatmega328p.o
                0x00000696                __vector_22
                0x00000696                __vector_1
                0x00000696                __vector_12
                0x00000696                __bad_interrupt
                0x00000696                __vector_6
                0x00000696                __vector_3
                0x00000696                __vector_23
                0x00000696                __vector_25
                0x00000696                __vector_11
                0x00000696                __vector_13
                0x00000696                __vector_17
                0x00000696                __vector_19
                0x00000696                __vector_5
                0x00000696                __vector_4
                0x00000696                __vector_9
                0x00000696                __vector_2
                0x00000696                __vector_21
                0x00000696                __vector_15
                0x00000696                __vector_8
                0x00000696                __vector_14
                0x00000696                __vector_10
                0x00000696                __vector_16
                0x00000696                __vector_18
                0x00000696                __vector_20
 .text          0x0000069a      0x448 C:\Users\zwing\AppData\Local\Temp\ccIpt1t1.ltrans0.ltrans.o
                0x00000868                __vector_24
                0x00000a98                __vector_7
                0x00000ae2                . = ALIGN (0x2)
 *(.text.*)
 .text.startup  0x00000ae2      0x8d8 C:\Users\zwing\AppData\Local\Temp\ccIpt1t1.ltrans0.ltrans.o
                0x00000ae2                main
 .text.libgcc.div
                0x000013ba       0x28 c:/tools/avr-gcc-7.3.0-atmel3.6.1-arduino7-i686-w64-mingw32/avr/bin/../lib/gcc/avr/7.3.0/avr5\libgcc.a(_divmodhi4.o)
                0x000013ba                _div
                0x000013ba                __divmodhi4
 .text.libgcc.div
                0x000013e2       0x28 c:/tools/avr-gcc-7.3.0-atmel3.6.1-arduino7-i686-w64-mingw32/avr/bin/../lib/gcc/avr/7.3.0/avr5\libgcc.a(_udivmodhi4.o)
                0x000013e2                __udivmodhi4
 .text.avr-libc.fplib
                0x0000140a        0xe c:/tools/avr-gcc-7.3.0-atmel3.6.1-arduino7-i686-w64-mingw32/avr/bin/../lib/gcc/avr/7.3.0/../../../../avr/lib/avr5\libm.a(addsf3.o)
                0x0000140a                __subsf3
                0x0000140c                __addsf3
 .text.avr-libc.fplib
                0x00001418       0xcc c:/tools/avr-gcc-7.3.0-atmel3.6.1-arduino7-i686-w64-mingw32/avr/bin/../lib/gcc/avr/7.3.0/../../../../avr/lib/avr5\libm.a(addsf3x.o)
                0x0000143a                __addsf3x
 .text.avr-libc.fplib
                0x000014e4        0xa c:/tools/avr-gcc-7.3.0-atmel3.6.1-arduino7-i686-w64-mingw32/avr/bin/../lib/gcc/avr/7.3.0/../../../../avr/lib/avr5\libm.a(cmpsf2.o)
                0x000014e4                __nesf2
                0x000014e4                __eqsf2
                0x000014e4                __cmpsf2
                0x000014e4                __ltsf2
                0x000014e4                __lesf2
 .text.avr-libc.fplib
                0x000014ee        0xe c:/tools/avr-gcc-7.3.0-atmel3.6.1-arduino7-i686-w64-mingw32/avr/bin/../lib/gcc/avr/7.3.0/../../../../avr/lib/avr5\libm.a(fixsfsi.o)
                0x000014ee                __fixsfsi
 .text.avr-libc.fplib
                0x000014fc       0x5e c:/tools/avr-gcc-7.3.0-atmel3.6.1-arduino7-i686-w64-mingw32/avr/bin/../lib/gcc/avr/7.3.0/../../../../avr/lib/avr5\libm.a(fixunssfsi.o)
                0x000014fc                __fixunssfsi
 .text.avr-libc.fplib
                0x0000155a       0x7a c:/tools/avr-gcc-7.3.0-atmel3.6.1-arduino7-i686-w64-mingw32/avr/bin/../lib/gcc/avr/7.3.0/../../../../avr/lib/avr5\libm.a(floatsisf.o)
                0x0000155a                __floatunsisf
                0x0000155e                __floatsisf
 .text.avr-libc.fplib
                0x000015d4       0x2e c:/tools/avr-gcc-7.3.0-atmel3.6.1-arduino7-i686-w64-mingw32/avr/bin/../lib/gcc/avr/7.3.0/../../../../avr/lib/avr5\libm.a(floor.o)
                0x000015d4                floor
 .text.avr-libc.fplib
                0x00001602       0x48 c:/tools/avr-gcc-7.3.0-atmel3.6.1-arduino7-i686-w64-mingw32/avr/bin/../lib/gcc/avr/7.3.0/../../../../avr/lib/avr5\libm.a(fp_cmp.o)
                0x00001602                __fp_cmp
 .text.avr-libc.fplib
                0x0000164a        0xc c:/tools/avr-gcc-7.3.0-atmel3.6.1-arduino7-i686-w64-mingw32/avr/bin/../lib/gcc/avr/7.3.0/../../../../avr/lib/avr5\libm.a(fp_inf.o)
                0x0000164a                __fp_inf
 .text.avr-libc.fplib
                0x00001656       0x36 c:/tools/avr-gcc-7.3.0-atmel3.6.1-arduino7-i686-w64-mingw32/avr/bin/../lib/gcc/avr/7.3.0/../../../../avr/lib/avr5\libm.a(fp_mintl.o)
                0x00001656                __fp_mintl
 .text.avr-libc.fplib
                0x0000168c       0x1c c:/tools/avr-gcc-7.3.0-atmel3.6.1-arduino7-i686-w64-mingw32/avr/bin/../lib/gcc/avr/7.3.0/../../../../avr/lib/avr5\libm.a(fp_mpack.o)
                0x0000168c                __fp_mpack
                0x00001690                __fp_mpack_finite
 .text.avr-libc.fplib
                0x000016a8        0x6 c:/tools/avr-gcc-7.3.0-atmel3.6.1-arduino7-i686-w64-mingw32/avr/bin/../lib/gcc/avr/7.3.0/../../../../avr/lib/avr5\libm.a(fp_nan.o)
                0x000016a8                __fp_nan
 .text.avr-libc.fplib
                0x000016ae        0xe c:/tools/avr-gcc-7.3.0-atmel3.6.1-arduino7-i686-w64-mingw32/avr/bin/../lib/gcc/avr/7.3.0/../../../../avr/lib/avr5\libm.a(fp_pscA.o)
                0x000016ae                __fp_pscA
 .text.avr-libc.fplib
                0x000016bc        0xe c:/tools/avr-gcc-7.3.0-atmel3.6.1-arduino7-i686-w64-mingw32/avr/bin/../lib/gcc/avr/7.3.0/../../../../avr/lib/avr5\libm.a(fp_pscB.o)
                0x000016bc                __fp_pscB
 .text.avr-libc.fplib
                0x000016ca       0x22 c:/tools/avr-gcc-7.3.0-atmel3.6.1-arduino7-i686-w64-mingw32/avr/bin/../lib/gcc/avr/7.3.0/../../../../avr/lib/avr5\libm.a(fp_round.o)
                0x000016ca                __fp_round
 .text.avr-libc.fplib
                0x000016ec       0x44 c:/tools/avr-gcc-7.3.0-atmel3.6.1-arduino7-i686-w64-mingw32/avr/bin/../lib/gcc/avr/7.3.0/../../../../avr/lib/avr5\libm.a(fp_split3.o)
                0x000016ec                __fp_split3
                0x000016fc                __fp_splitA
 .text.avr-libc.fplib
                0x00001730       0x30 c:/tools/avr-gcc-7.3.0-atmel3.6.1-arduino7-i686-w64-mingw32/avr/bin/../lib/gcc/avr/7.3.0/../../../../avr/lib/avr5\libm.a(fp_trunc.o)
                0x00001730                __fp_trunc
 .text.avr-libc.fplib
                0x00001760        0xe c:/tools/avr-gcc-7.3.0-atmel3.6.1-arduino7-i686-w64-mingw32/avr/bin/../lib/gcc/avr/7.3.0/../../../../avr/lib/avr5\libm.a(fp_zero.o)
                0x00001760                __fp_zero
                0x00001762                __fp_szero
 .text.avr-libc.fplib
                0x0000176e        0x8 c:/tools/avr-gcc-7.3.0-atmel3.6.1-arduino7-i686-w64-mingw32/avr/bin/../lib/gcc/avr/7.3.0/../../../../avr/lib/avr5\libm.a(mulsf3.o)
                0x0000176e                __mulsf3
 .text.avr-libc.fplib
                0x00001776       0xd2 c:/tools/avr-gcc-7.3.0-atmel3.6.1-arduino7-i686-w64-mingw32/avr/bin/../lib/gcc/avr/7.3.0/../../../../avr/lib/avr5\libm.a(mulsf3x.o)
                0x00001794                __mulsf3x
                0x0000179a                __mulsf3_pse
                0x00001848                . = ALIGN (0x2)
 *(.fini9)
 .fini9         0x00001848        0x0 c:/tools/avr-gcc-7.3.0-atmel3.6.1-arduino7-i686-w64-mingw32/avr/bin/../lib/gcc/avr/7.3.0/avr5\libgcc.a(_exit.o)
                0x00001848                _exit
                0x00001848                exit
 *(.fini9)
 *(.fini8)
 *(.fini8)
 *(.fini7)
 *(.fini7)
 *(.fini6)
 *(.fini6)
 *(.fini5)
 *(.fini5)
 *(.fini4)
 *(.fini4)
 *(.fini3)
 *(.fini3)
 *(.fini2)
 *(.fini2)
 *(.fini1)
 *(.fini1)
 *(.fini0)
 .fini0         0x00001848        0x4 c:/tools/avr-gcc-7.3.0-atmel3.6.1-arduino7-i686-w64-mingw32/avr/bin/../lib/gcc/avr/7.3.0/avr5\libgcc.a(_exit.o)
 *(.fini0)
                0x0000184c                _etext = .

.data           0x00800100       0x90 load address 0x0000184c
                0x00800100                PROVIDE (__data_start, .)
 *(.data)
 *(.data*)
 *(.gnu.linkonce.d*)
 *(.rodata)
 .rodata        0x00800100       0x90 C:\Users\zwing\AppData\Local\Temp\ccIpt1t1.ltrans0.ltrans.o
 *(.rodata*)
 *(.gnu.linkonce.r*)
                0x00800190                . = ALIGN (0x2)
                0x00800190                _edata = .
                0x00800190                PROVIDE (__data_end, .)

.bss            0x00800190       0x76
                0x00800190                PROVIDE (__bss_start, .)
 *(.bss)
 .bss           0x00800190       0x76 C:\Users\zwing\AppData\Local\Temp\ccIpt1t1.ltrans0.ltrans.o
 *(.bss*)
 *(COMMON)
                0x00800206                PROVIDE (__bss_end, .)
                0x0000184c                __data_load_start = LOADADDR (.data)
                0x000018dc                __data_load_end = (__data_load_start + SIZEOF (.data))

.noinit         0x00800206        0x0
                [!provide]                PROVIDE (__noinit_start, .)
 *(.noinit*)
                [!provide]                PROVIDE (__noinit_end, .)
                0x00800206                _end = .
                [!provide]                PROVIDE (__heap_start, .)

.eeprom         0x00810000        0x0
 *(.eeprom*)
                0x00810000                __eeprom_end = .

.fuse
 *(.fuse)
 *(.lfuse)
 *(.hfuse)
 *(.efuse)

.lock
 *(.lock*)

.signature
 *(.signature*)

.user_signatures
 *(.user_signatures*)

.stab
 *(.stab)

.stabstr
 *(.stabstr)

.stab.excl
 *(.stab.excl)

.stab.exclstr
 *(.stab.exclstr)

.stab.index
 *(.stab.index)

.stab.indexstr
 *(.stab.indexstr)

.comment        0x00000000       0x11
 *(.comment)
 .comment       0x00000000       0x11 C:\Users\zwing\AppData\Local\Temp\ccIpt1t1.ltrans0.ltrans.o
                                 0x12 (size before relaxing)

.note.gnu.avr.deviceinfo
                0x00000000       0x40
 .note.gnu.avr.deviceinfo
                0x00000000       0x40 c:/tools/avr-gcc-7.3.0-atmel3.6.1-arduino7-i686-w64-mingw32/avr/bin/../lib/gcc/avr/7.3.0/../../../../avr/lib/avr5/crtatmega328p.o

.note.gnu.build-id
 *(.note.gnu.build-id)

.debug
 *(.debug)

.line
 *(.line)

.debug_srcinfo
 *(.debug_srcinfo)

.debug_sfnames
 *(.debug_sfnames)

.debug_aranges  0x00000000       0xc8
 *(.debug_aranges)
 .debug_aranges
                0x00000000       0x28 C:\Users\zwing\AppData\Local\Temp\ccIpt1t1.ltrans0.ltrans.o
 .debug_aranges
                0x00000028       0x20 c:/tools/avr-gcc-7.3.0-atmel3.6.1-arduino7-i686-w64-mingw32/avr/bin/../lib/gcc/avr/7.3.0/avr5\libgcc.a(_exit.o)
 .debug_aranges
                0x00000048       0x20 c:/tools/avr-gcc-7.3.0-atmel3.6.1-arduino7-i686-w64-mingw32/avr/bin/../lib/gcc/avr/7.3.0/avr5\libgcc.a(_divmodhi4.o)
 .debug_aranges
                0x00000068       0x20 c:/tools/avr-gcc-7.3.0-atmel3.6.1-arduino7-i686-w64-mingw32/avr/bin/../lib/gcc/avr/7.3.0/avr5\libgcc.a(_copy_data.o)
 .debug_aranges
                0x00000088       0x20 c:/tools/avr-gcc-7.3.0-atmel3.6.1-arduino7-i686-w64-mingw32/avr/bin/../lib/gcc/avr/7.3.0/avr5\libgcc.a(_clear_bss.o)
 .debug_aranges
                0x000000a8       0x20 c:/tools/avr-gcc-7.3.0-atmel3.6.1-arduino7-i686-w64-mingw32/avr/bin/../lib/gcc/avr/7.3.0/avr5\libgcc.a(_udivmodhi4.o)

.debug_pubnames
 *(.debug_pubnames)

.debug_info     0x00000000     0x25d4
 *(.debug_info .gnu.linkonce.wi.*)
 .debug_info    0x00000000      0x5f4 c:/tools/avr-gcc-7.3.0-atmel3.6.1-arduino7-i686-w64-mingw32/avr/bin/../lib/gcc/avr/7.3.0/../../../../avr/lib/avr5/crtatmega328p.o
 .debug_info    0x000005f4     0x1c39 C:\Users\zwing\AppData\Local\Temp\ccIpt1t1.ltrans0.ltrans.o
 .debug_info    0x0000222d       0xbb c:/tools/avr-gcc-7.3.0-atmel3.6.1-arduino7-i686-w64-mingw32/avr/bin/../lib/gcc/avr/7.3.0/avr5\libgcc.a(_exit.o)
 .debug_info    0x000022e8       0xbb c:/tools/avr-gcc-7.3.0-atmel3.6.1-arduino7-i686-w64-mingw32/avr/bin/../lib/gcc/avr/7.3.0/avr5\libgcc.a(_divmodhi4.o)
 .debug_info    0x000023a3       0xbb c:/tools/avr-gcc-7.3.0-atmel3.6.1-arduino7-i686-w64-mingw32/avr/bin/../lib/gcc/avr/7.3.0/avr5\libgcc.a(_copy_data.o)
 .debug_info    0x0000245e       0xbb c:/tools/avr-gcc-7.3.0-atmel3.6.1-arduino7-i686-w64-mingw32/avr/bin/../lib/gcc/avr/7.3.0/avr5\libgcc.a(_clear_bss.o)
 .debug_info    0x00002519       0xbb c:/tools/avr-gcc-7.3.0-atmel3.6.1-arduino7-i686-w64-mingw32/avr/bin/../lib/gcc/avr/7.3.0/avr5\libgcc.a(_udivmodhi4.o)

.debug_abbrev   0x00000000      0xa64
 *(.debug_abbrev)
 .debug_abbrev  0x00000000      0x5a2 c:/tools/avr-gcc-7.3.0-atmel3.6.1-arduino7-i686-w64-mingw32/avr/bin/../lib/gcc/avr/7.3.0/../../../../avr/lib/avr5/crtatmega328p.o
 .debug_abbrev  0x000005a2      0x45e C:\Users\zwing\AppData\Local\Temp\ccIpt1t1.ltrans0.ltrans.o
 .debug_abbrev  0x00000a00       0x14 c:/tools/avr-gcc-7.3.0-atmel3.6.1-arduino7-i686-w64-mingw32/avr/bin/../lib/gcc/avr/7.3.0/avr5\libgcc.a(_exit.o)
 .debug_abbrev  0x00000a14       0x14 c:/tools/avr-gcc-7.3.0-atmel3.6.1-arduino7-i686-w64-mingw32/avr/bin/../lib/gcc/avr/7.3.0/avr5\libgcc.a(_divmodhi4.o)
 .debug_abbrev  0x00000a28       0x14 c:/tools/avr-gcc-7.3.0-atmel3.6.1-arduino7-i686-w64-mingw32/avr/bin/../lib/gcc/avr/7.3.0/avr5\libgcc.a(_copy_data.o)
 .debug_abbrev  0x00000a3c       0x14 c:/tools/avr-gcc-7.3.0-atmel3.6.1-arduino7-i686-w64-mingw32/avr/bin/../lib/gcc/avr/7.3.0/avr5\libgcc.a(_clear_bss.o)
 .debug_abbrev  0x00000a50       0x14 c:/tools/avr-gcc-7.3.0-atmel3.6.1-arduino7-i686-w64-mingw32/avr/bin/../lib/gcc/avr/7.3.0/avr5\libgcc.a(_udivmodhi4.o)

.debug_line     0x00000000      0xab7
 *(.debug_line .debug_line.* .debug_line_end)
 .debug_line    0x00000000       0x1a c:/tools/avr-gcc-7.3.0-atmel3.6.1-arduino7-i686-w64-mingw32/avr/bin/../lib/gcc/avr/7.3.0/../../../../avr/lib/avr5/crtatmega328p.o
 .debug_line    0x0000001a      0x787 C:\Users\zwing\AppData\Local\Temp\ccIpt1t1.ltrans0.ltrans.o
 .debug_line    0x000007a1       0x62 c:/tools/avr-gcc-7.3.0-atmel3.6.1-arduino7-i686-w64-mingw32/avr/bin/../lib/gcc/avr/7.3.0/avr5\libgcc.a(_exit.o)
 .debug_line    0x00000803       0xc8 c:/tools/avr-gcc-7.3.0-atmel3.6.1-arduino7-i686-w64-mingw32/avr/bin/../lib/gcc/avr/7.3.0/avr5\libgcc.a(_divmodhi4.o)
 .debug_line    0x000008cb       0x98 c:/tools/avr-gcc-7.3.0-atmel3.6.1-arduino7-i686-w64-mingw32/avr/bin/../lib/gcc/avr/7.3.0/avr5\libgcc.a(_copy_data.o)
 .debug_line    0x00000963       0x86 c:/tools/avr-gcc-7.3.0-atmel3.6.1-arduino7-i686-w64-mingw32/avr/bin/../lib/gcc/avr/7.3.0/avr5\libgcc.a(_clear_bss.o)
 .debug_line    0x000009e9       0xce c:/tools/avr-gcc-7.3.0-atmel3.6.1-arduino7-i686-w64-mingw32/avr/bin/../lib/gcc/avr/7.3.0/avr5\libgcc.a(_udivmodhi4.o)

.debug_frame    0x00000000      0x16c
 *(.debug_frame)
 .debug_frame   0x00000000      0x16c C:\Users\zwing\AppData\Local\Temp\ccIpt1t1.ltrans0.ltrans.o

.debug_str      0x00000000      0x6df
 *(.debug_str)
 .debug_str     0x00000000      0x208 c:/tools/avr-gcc-7.3.0-atmel3.6.1-arduino7-i686-w64-mingw32/avr/bin/../lib/gcc/avr/7.3.0/../../../../avr/lib/avr5/crtatmega328p.o
 .debug_str     0x00000208      0x4d7 C:\Users\zwing\AppData\Local\Temp\ccIpt1t1.ltrans0.ltrans.o
                                0x501 (size before relaxing)

.debug_loc      0x00000000      0xde9
 *(.debug_loc)
 .debug_loc     0x00000000      0xde9 C:\Users\zwing\AppData\Local\Temp\ccIpt1t1.ltrans0.ltrans.o

.debug_macinfo
 *(.debug_macinfo)

.debug_weaknames
 *(.debug_weaknames)

.debug_funcnames
 *(.debug_funcnames)

.debug_typenames
 *(.debug_typenames)

.debug_varnames
 *(.debug_varnames)

.debug_pubtypes
 *(.debug_pubtypes)

.debug_ranges   0x00000000      0x148
 *(.debug_ranges)
 .debug_ranges  0x00000000      0x148 C:\Users\zwing\AppData\Local\Temp\ccIpt1t1.ltrans0.ltrans.o

.debug_macro
 *(.debug_macro)
OUTPUT(atmega328p_fw.elf elf32-avr)
LOAD linker stubs

Cross Reference Table

Symbol                                            File
Ascale                                            CMakeFiles/atmega328p_fw.elf.dir/mpu9250.c.obj (symbol from plugin)
Gscale                                            CMakeFiles/atmega328p_fw.elf.dir/mpu9250.c.obj (symbol from plugin)
MPU9250SelfTest                                   CMakeFiles/atmega328p_fw.elf.dir/mpu9250.c.obj (symbol from plugin)
MadgwickQuaternionUpdate                          CMakeFiles/atmega328p_fw.elf.dir/mpu9250.c.obj (symbol from plugin)
Mmode                                             CMakeFiles/atmega328p_fw.elf.dir/mpu9250.c.obj (symbol from plugin)
Mscale                                            CMakeFiles/atmega328p_fw.elf.dir/mpu9250.c.obj (symbol from plugin)
Now                                               CMakeFiles/atmega328p_fw.elf.dir/main.cpp.obj (symbol from plugin)
SelfTest                                          CMakeFiles/atmega328p_fw.elf.dir/main.cpp.obj (symbol from plugin)
                                                  CMakeFiles/atmega328p_fw.elf.dir/mpu9250.c.obj (symbol from plugin)
UART_Init                                         CMakeFiles/atmega328p_fw.elf.dir/uart.c.obj (symbol from plugin)
                                                  CMakeFiles/atmega328p_fw.elf.dir/main.cpp.obj (symbol from plugin)
UART_Printf                                       CMakeFiles/atmega328p_fw.elf.dir/uart.c.obj (symbol from plugin)
                                                  CMakeFiles/atmega328p_fw.elf.dir/mpu9250.c.obj (symbol from plugin)
                                                  CMakeFiles/atmega328p_fw.elf.dir/Framebuffer.cpp.obj (symbol from plugin)
UART_RxChar                                       CMakeFiles/atmega328p_fw.elf.dir/uart.c.obj (symbol from plugin)
UART_RxString                                     CMakeFiles/atmega328p_fw.elf.dir/uart.c.obj (symbol from plugin)
UART_SetBaudRate                                  CMakeFiles/atmega328p_fw.elf.dir/uart.c.obj (symbol from plugin)
UART_TxChar                                       CMakeFiles/atmega328p_fw.elf.dir/uart.c.obj (symbol from plugin)
UART_TxFloatNumber                                CMakeFiles/atmega328p_fw.elf.dir/uart.c.obj (symbol from plugin)
UART_TxNumber                                     CMakeFiles/atmega328p_fw.elf.dir/uart.c.obj (symbol from plugin)
UART_TxString                                     CMakeFiles/atmega328p_fw.elf.dir/uart.c.obj (symbol from plugin)
_Z24extractIntegerPartAsCharfi                    CMakeFiles/atmega328p_fw.elf.dir/main.cpp.obj (symbol from plugin)
_ZN11Framebuffer10drawBitmapEPKhhhhh              CMakeFiles/atmega328p_fw.elf.dir/Framebuffer.cpp.obj (symbol from plugin)
_ZN11Framebuffer10drawBufferEPKh                  CMakeFiles/atmega328p_fw.elf.dir/Framebuffer.cpp.obj (symbol from plugin)
_ZN11Framebuffer11displayCharEcii                 CMakeFiles/atmega328p_fw.elf.dir/Framebuffer.cpp.obj (symbol from plugin)
                                                  CMakeFiles/atmega328p_fw.elf.dir/main.cpp.obj (symbol from plugin)
_ZN11Framebuffer11drawHexagonEiii                 CMakeFiles/atmega328p_fw.elf.dir/Framebuffer.cpp.obj (symbol from plugin)
_ZN11Framebuffer12Cube_defaultEv                  CMakeFiles/atmega328p_fw.elf.dir/Framebuffer.cpp.obj (symbol from plugin)
_ZN11Framebuffer13drawRectangleEhhhh              CMakeFiles/atmega328p_fw.elf.dir/Framebuffer.cpp.obj (symbol from plugin)
_ZN11Framebuffer13drawRectangleEhhhhh             CMakeFiles/atmega328p_fw.elf.dir/Framebuffer.cpp.obj (symbol from plugin)
_ZN11Framebuffer15setCubePositionEfff             CMakeFiles/atmega328p_fw.elf.dir/Framebuffer.cpp.obj (symbol from plugin)
                                                  CMakeFiles/atmega328p_fw.elf.dir/main.cpp.obj (symbol from plugin)
_ZN11Framebuffer17printStringOnOLEDEhhPKc         CMakeFiles/atmega328p_fw.elf.dir/Framebuffer.cpp.obj (symbol from plugin)
_ZN11Framebuffer4showEv                           CMakeFiles/atmega328p_fw.elf.dir/Framebuffer.cpp.obj (symbol from plugin)
                                                  CMakeFiles/atmega328p_fw.elf.dir/main.cpp.obj (symbol from plugin)
_ZN11Framebuffer5clearEv                          CMakeFiles/atmega328p_fw.elf.dir/Framebuffer.cpp.obj (symbol from plugin)
                                                  CMakeFiles/atmega328p_fw.elf.dir/main.cpp.obj (symbol from plugin)
_ZN11Framebuffer6invertEh                         CMakeFiles/atmega328p_fw.elf.dir/Framebuffer.cpp.obj (symbol from plugin)
_ZN11Framebuffer8drawCubeEv                       CMakeFiles/atmega328p_fw.elf.dir/Framebuffer.cpp.obj (symbol from plugin)
                                                  CMakeFiles/atmega328p_fw.elf.dir/main.cpp.obj (symbol from plugin)
_ZN11Framebuffer8drawLineEhhhh                    CMakeFiles/atmega328p_fw.elf.dir/Framebuffer.cpp.obj (symbol from plugin)
_ZN11Framebuffer9drawHLineEhhh                    CMakeFiles/atmega328p_fw.elf.dir/Framebuffer.cpp.obj (symbol from plugin)
_ZN11Framebuffer9drawPixelEhh                     CMakeFiles/atmega328p_fw.elf.dir/Framebuffer.cpp.obj (symbol from plugin)
_ZN11Framebuffer9drawPixelEhhh                    CMakeFiles/atmega328p_fw.elf.dir/Framebuffer.cpp.obj (symbol from plugin)
_ZN11Framebuffer9drawVLineEhhh                    CMakeFiles/atmega328p_fw.elf.dir/Framebuffer.cpp.obj (symbol from plugin)
_ZN11Framebuffer9rotateX3DEf                      CMakeFiles/atmega328p_fw.elf.dir/Framebuffer.cpp.obj (symbol from plugin)
                                                  CMakeFiles/atmega328p_fw.elf.dir/main.cpp.obj (symbol from plugin)
_ZN11Framebuffer9rotateY3DEf                      CMakeFiles/atmega328p_fw.elf.dir/Framebuffer.cpp.obj (symbol from plugin)
                                                  CMakeFiles/atmega328p_fw.elf.dir/main.cpp.obj (symbol from plugin)
_ZN11Framebuffer9rotateZ3DEf                      CMakeFiles/atmega328p_fw.elf.dir/Framebuffer.cpp.obj (symbol from plugin)
_ZN11FramebufferC1Ev                              CMakeFiles/atmega328p_fw.elf.dir/Framebuffer.cpp.obj (symbol from plugin)
                                                  CMakeFiles/atmega328p_fw.elf.dir/main.cpp.obj (symbol from plugin)
_ZN11FramebufferC2Ev                              CMakeFiles/atmega328p_fw.elf.dir/Framebuffer.cpp.obj (symbol from plugin)
_ZN3I2C4initEh                                    CMakeFiles/atmega328p_fw.elf.dir/I2C.cpp.obj (symbol from plugin)
                                                  CMakeFiles/atmega328p_fw.elf.dir/SSD1306.cpp.obj (symbol from plugin)
_ZN3I2C4stopEv                                    CMakeFiles/atmega328p_fw.elf.dir/I2C.cpp.obj (symbol from plugin)
                                                  CMakeFiles/atmega328p_fw.elf.dir/SSD1306.cpp.obj (symbol from plugin)
_ZN3I2C5startEv                                   CMakeFiles/atmega328p_fw.elf.dir/I2C.cpp.obj (symbol from plugin)
                                                  CMakeFiles/atmega328p_fw.elf.dir/SSD1306.cpp.obj (symbol from plugin)
_ZN3I2C5writeEh                                   CMakeFiles/atmega328p_fw.elf.dir/I2C.cpp.obj (symbol from plugin)
                                                  CMakeFiles/atmega328p_fw.elf.dir/SSD1306.cpp.obj (symbol from plugin)
_ZN3I2CC1Ev                                       CMakeFiles/atmega328p_fw.elf.dir/I2C.cpp.obj (symbol from plugin)
                                                  CMakeFiles/atmega328p_fw.elf.dir/SSD1306.cpp.obj (symbol from plugin)
_ZN3I2CC2Ev                                       CMakeFiles/atmega328p_fw.elf.dir/I2C.cpp.obj (symbol from plugin)
_ZN7SSD130611sendCommandEh                        CMakeFiles/atmega328p_fw.elf.dir/SSD1306.cpp.obj (symbol from plugin)
_ZN7SSD130615sendFramebufferEPh                   CMakeFiles/atmega328p_fw.elf.dir/SSD1306.cpp.obj (symbol from plugin)
                                                  CMakeFiles/atmega328p_fw.elf.dir/Framebuffer.cpp.obj (symbol from plugin)
_ZN7SSD13066invertEh                              CMakeFiles/atmega328p_fw.elf.dir/SSD1306.cpp.obj (symbol from plugin)
                                                  CMakeFiles/atmega328p_fw.elf.dir/Framebuffer.cpp.obj (symbol from plugin)
_ZN7SSD1306C1Ev                                   CMakeFiles/atmega328p_fw.elf.dir/SSD1306.cpp.obj (symbol from plugin)
                                                  CMakeFiles/atmega328p_fw.elf.dir/Framebuffer.cpp.obj (symbol from plugin)
_ZN7SSD1306C2Ev                                   CMakeFiles/atmega328p_fw.elf.dir/SSD1306.cpp.obj (symbol from plugin)
__FUSE_REGION_LENGTH__                            c:/tools/avr-gcc-7.3.0-atmel3.6.1-arduino7-i686-w64-mingw32/avr/bin/../lib/gcc/avr/7.3.0/../../../../avr/lib/avr5/crtatmega328p.o
__addsf3                                          c:/tools/avr-gcc-7.3.0-atmel3.6.1-arduino7-i686-w64-mingw32/avr/bin/../lib/gcc/avr/7.3.0/../../../../avr/lib/avr5\libm.a(addsf3.o)
                                                  C:\Users\zwing\AppData\Local\Temp\ccIpt1t1.ltrans0.ltrans.o
__addsf3x                                         c:/tools/avr-gcc-7.3.0-atmel3.6.1-arduino7-i686-w64-mingw32/avr/bin/../lib/gcc/avr/7.3.0/../../../../avr/lib/avr5\libm.a(addsf3x.o)
                                                  c:/tools/avr-gcc-7.3.0-atmel3.6.1-arduino7-i686-w64-mingw32/avr/bin/../lib/gcc/avr/7.3.0/../../../../avr/lib/avr5\libm.a(addsf3.o)
__bad_interrupt                                   c:/tools/avr-gcc-7.3.0-atmel3.6.1-arduino7-i686-w64-mingw32/avr/bin/../lib/gcc/avr/7.3.0/../../../../avr/lib/avr5/crtatmega328p.o
__bss_end                                         c:/tools/avr-gcc-7.3.0-atmel3.6.1-arduino7-i686-w64-mingw32/avr/bin/../lib/gcc/avr/7.3.0/avr5\libgcc.a(_clear_bss.o)
__bss_start                                       c:/tools/avr-gcc-7.3.0-atmel3.6.1-arduino7-i686-w64-mingw32/avr/bin/../lib/gcc/avr/7.3.0/avr5\libgcc.a(_clear_bss.o)
__cmpsf2                                          c:/tools/avr-gcc-7.3.0-atmel3.6.1-arduino7-i686-w64-mingw32/avr/bin/../lib/gcc/avr/7.3.0/../../../../avr/lib/avr5\libm.a(cmpsf2.o)
__data_end                                        c:/tools/avr-gcc-7.3.0-atmel3.6.1-arduino7-i686-w64-mingw32/avr/bin/../lib/gcc/avr/7.3.0/avr5\libgcc.a(_copy_data.o)
__data_load_start                                 c:/tools/avr-gcc-7.3.0-atmel3.6.1-arduino7-i686-w64-mingw32/avr/bin/../lib/gcc/avr/7.3.0/avr5\libgcc.a(_copy_data.o)
__data_start                                      c:/tools/avr-gcc-7.3.0-atmel3.6.1-arduino7-i686-w64-mingw32/avr/bin/../lib/gcc/avr/7.3.0/avr5\libgcc.a(_copy_data.o)
__divmodhi4                                       c:/tools/avr-gcc-7.3.0-atmel3.6.1-arduino7-i686-w64-mingw32/avr/bin/../lib/gcc/avr/7.3.0/avr5\libgcc.a(_divmodhi4.o)
                                                  C:\Users\zwing\AppData\Local\Temp\ccIpt1t1.ltrans0.ltrans.o
__do_clear_bss                                    c:/tools/avr-gcc-7.3.0-atmel3.6.1-arduino7-i686-w64-mingw32/avr/bin/../lib/gcc/avr/7.3.0/avr5\libgcc.a(_clear_bss.o)
                                                  C:\Users\zwing\AppData\Local\Temp\ccIpt1t1.ltrans0.ltrans.o
__do_copy_data                                    c:/tools/avr-gcc-7.3.0-atmel3.6.1-arduino7-i686-w64-mingw32/avr/bin/../lib/gcc/avr/7.3.0/avr5\libgcc.a(_copy_data.o)
                                                  C:\Users\zwing\AppData\Local\Temp\ccIpt1t1.ltrans0.ltrans.o
__eqsf2                                           c:/tools/avr-gcc-7.3.0-atmel3.6.1-arduino7-i686-w64-mingw32/avr/bin/../lib/gcc/avr/7.3.0/../../../../avr/lib/avr5\libm.a(cmpsf2.o)
__fixsfsi                                         c:/tools/avr-gcc-7.3.0-atmel3.6.1-arduino7-i686-w64-mingw32/avr/bin/../lib/gcc/avr/7.3.0/../../../../avr/lib/avr5\libm.a(fixsfsi.o)
                                                  C:\Users\zwing\AppData\Local\Temp\ccIpt1t1.ltrans0.ltrans.o
__fixunssfsi                                      c:/tools/avr-gcc-7.3.0-atmel3.6.1-arduino7-i686-w64-mingw32/avr/bin/../lib/gcc/avr/7.3.0/../../../../avr/lib/avr5\libm.a(fixunssfsi.o)
                                                  c:/tools/avr-gcc-7.3.0-atmel3.6.1-arduino7-i686-w64-mingw32/avr/bin/../lib/gcc/avr/7.3.0/../../../../avr/lib/avr5\libm.a(fixsfsi.o)
                                                  C:\Users\zwing\AppData\Local\Temp\ccIpt1t1.ltrans0.ltrans.o
__floatsisf                                       c:/tools/avr-gcc-7.3.0-atmel3.6.1-arduino7-i686-w64-mingw32/avr/bin/../lib/gcc/avr/7.3.0/../../../../avr/lib/avr5\libm.a(floatsisf.o)
                                                  C:\Users\zwing\AppData\Local\Temp\ccIpt1t1.ltrans0.ltrans.o
__floatunsisf                                     c:/tools/avr-gcc-7.3.0-atmel3.6.1-arduino7-i686-w64-mingw32/avr/bin/../lib/gcc/avr/7.3.0/../../../../avr/lib/avr5\libm.a(floatsisf.o)
__fp_cmp                                          c:/tools/avr-gcc-7.3.0-atmel3.6.1-arduino7-i686-w64-mingw32/avr/bin/../lib/gcc/avr/7.3.0/../../../../avr/lib/avr5\libm.a(fp_cmp.o)
                                                  c:/tools/avr-gcc-7.3.0-atmel3.6.1-arduino7-i686-w64-mingw32/avr/bin/../lib/gcc/avr/7.3.0/../../../../avr/lib/avr5\libm.a(cmpsf2.o)
__fp_inf                                          c:/tools/avr-gcc-7.3.0-atmel3.6.1-arduino7-i686-w64-mingw32/avr/bin/../lib/gcc/avr/7.3.0/../../../../avr/lib/avr5\libm.a(fp_inf.o)
                                                  c:/tools/avr-gcc-7.3.0-atmel3.6.1-arduino7-i686-w64-mingw32/avr/bin/../lib/gcc/avr/7.3.0/../../../../avr/lib/avr5\libm.a(mulsf3x.o)
                                                  c:/tools/avr-gcc-7.3.0-atmel3.6.1-arduino7-i686-w64-mingw32/avr/bin/../lib/gcc/avr/7.3.0/../../../../avr/lib/avr5\libm.a(addsf3x.o)
__fp_mintl                                        c:/tools/avr-gcc-7.3.0-atmel3.6.1-arduino7-i686-w64-mingw32/avr/bin/../lib/gcc/avr/7.3.0/../../../../avr/lib/avr5\libm.a(fp_mintl.o)
                                                  c:/tools/avr-gcc-7.3.0-atmel3.6.1-arduino7-i686-w64-mingw32/avr/bin/../lib/gcc/avr/7.3.0/../../../../avr/lib/avr5\libm.a(floor.o)
__fp_mpack                                        c:/tools/avr-gcc-7.3.0-atmel3.6.1-arduino7-i686-w64-mingw32/avr/bin/../lib/gcc/avr/7.3.0/../../../../avr/lib/avr5\libm.a(fp_mpack.o)
                                                  c:/tools/avr-gcc-7.3.0-atmel3.6.1-arduino7-i686-w64-mingw32/avr/bin/../lib/gcc/avr/7.3.0/../../../../avr/lib/avr5\libm.a(floor.o)
__fp_mpack_finite                                 c:/tools/avr-gcc-7.3.0-atmel3.6.1-arduino7-i686-w64-mingw32/avr/bin/../lib/gcc/avr/7.3.0/../../../../avr/lib/avr5\libm.a(fp_mpack.o)
__fp_nan                                          c:/tools/avr-gcc-7.3.0-atmel3.6.1-arduino7-i686-w64-mingw32/avr/bin/../lib/gcc/avr/7.3.0/../../../../avr/lib/avr5\libm.a(fp_nan.o)
                                                  c:/tools/avr-gcc-7.3.0-atmel3.6.1-arduino7-i686-w64-mingw32/avr/bin/../lib/gcc/avr/7.3.0/../../../../avr/lib/avr5\libm.a(mulsf3x.o)
                                                  c:/tools/avr-gcc-7.3.0-atmel3.6.1-arduino7-i686-w64-mingw32/avr/bin/../lib/gcc/avr/7.3.0/../../../../avr/lib/avr5\libm.a(addsf3x.o)
__fp_pscA                                         c:/tools/avr-gcc-7.3.0-atmel3.6.1-arduino7-i686-w64-mingw32/avr/bin/../lib/gcc/avr/7.3.0/../../../../avr/lib/avr5\libm.a(fp_pscA.o)
                                                  c:/tools/avr-gcc-7.3.0-atmel3.6.1-arduino7-i686-w64-mingw32/avr/bin/../lib/gcc/avr/7.3.0/../../../../avr/lib/avr5\libm.a(mulsf3x.o)
                                                  c:/tools/avr-gcc-7.3.0-atmel3.6.1-arduino7-i686-w64-mingw32/avr/bin/../lib/gcc/avr/7.3.0/../../../../avr/lib/avr5\libm.a(addsf3x.o)
__fp_pscB                                         c:/tools/avr-gcc-7.3.0-atmel3.6.1-arduino7-i686-w64-mingw32/avr/bin/../lib/gcc/avr/7.3.0/../../../../avr/lib/avr5\libm.a(fp_pscB.o)
                                                  c:/tools/avr-gcc-7.3.0-atmel3.6.1-arduino7-i686-w64-mingw32/avr/bin/../lib/gcc/avr/7.3.0/../../../../avr/lib/avr5\libm.a(mulsf3x.o)
                                                  c:/tools/avr-gcc-7.3.0-atmel3.6.1-arduino7-i686-w64-mingw32/avr/bin/../lib/gcc/avr/7.3.0/../../../../avr/lib/avr5\libm.a(addsf3x.o)
__fp_round                                        c:/tools/avr-gcc-7.3.0-atmel3.6.1-arduino7-i686-w64-mingw32/avr/bin/../lib/gcc/avr/7.3.0/../../../../avr/lib/avr5\libm.a(fp_round.o)
                                                  c:/tools/avr-gcc-7.3.0-atmel3.6.1-arduino7-i686-w64-mingw32/avr/bin/../lib/gcc/avr/7.3.0/../../../../avr/lib/avr5\libm.a(mulsf3.o)
                                                  c:/tools/avr-gcc-7.3.0-atmel3.6.1-arduino7-i686-w64-mingw32/avr/bin/../lib/gcc/avr/7.3.0/../../../../avr/lib/avr5\libm.a(addsf3.o)
__fp_split3                                       c:/tools/avr-gcc-7.3.0-atmel3.6.1-arduino7-i686-w64-mingw32/avr/bin/../lib/gcc/avr/7.3.0/../../../../avr/lib/avr5\libm.a(fp_split3.o)
                                                  c:/tools/avr-gcc-7.3.0-atmel3.6.1-arduino7-i686-w64-mingw32/avr/bin/../lib/gcc/avr/7.3.0/../../../../avr/lib/avr5\libm.a(mulsf3x.o)
                                                  c:/tools/avr-gcc-7.3.0-atmel3.6.1-arduino7-i686-w64-mingw32/avr/bin/../lib/gcc/avr/7.3.0/../../../../avr/lib/avr5\libm.a(addsf3x.o)
__fp_splitA                                       c:/tools/avr-gcc-7.3.0-atmel3.6.1-arduino7-i686-w64-mingw32/avr/bin/../lib/gcc/avr/7.3.0/../../../../avr/lib/avr5\libm.a(fp_split3.o)
                                                  c:/tools/avr-gcc-7.3.0-atmel3.6.1-arduino7-i686-w64-mingw32/avr/bin/../lib/gcc/avr/7.3.0/../../../../avr/lib/avr5\libm.a(fp_trunc.o)
                                                  c:/tools/avr-gcc-7.3.0-atmel3.6.1-arduino7-i686-w64-mingw32/avr/bin/../lib/gcc/avr/7.3.0/../../../../avr/lib/avr5\libm.a(fixunssfsi.o)
__fp_szero                                        c:/tools/avr-gcc-7.3.0-atmel3.6.1-arduino7-i686-w64-mingw32/avr/bin/../lib/gcc/avr/7.3.0/../../../../avr/lib/avr5\libm.a(fp_zero.o)
                                                  c:/tools/avr-gcc-7.3.0-atmel3.6.1-arduino7-i686-w64-mingw32/avr/bin/../lib/gcc/avr/7.3.0/../../../../avr/lib/avr5\libm.a(mulsf3x.o)
                                                  c:/tools/avr-gcc-7.3.0-atmel3.6.1-arduino7-i686-w64-mingw32/avr/bin/../lib/gcc/avr/7.3.0/../../../../avr/lib/avr5\libm.a(floor.o)
                                                  c:/tools/avr-gcc-7.3.0-atmel3.6.1-arduino7-i686-w64-mingw32/avr/bin/../lib/gcc/avr/7.3.0/../../../../avr/lib/avr5\libm.a(fixsfsi.o)
__fp_trunc                                        c:/tools/avr-gcc-7.3.0-atmel3.6.1-arduino7-i686-w64-mingw32/avr/bin/../lib/gcc/avr/7.3.0/../../../../avr/lib/avr5\libm.a(fp_trunc.o)
                                                  c:/tools/avr-gcc-7.3.0-atmel3.6.1-arduino7-i686-w64-mingw32/avr/bin/../lib/gcc/avr/7.3.0/../../../../avr/lib/avr5\libm.a(floor.o)
__fp_zero                                         c:/tools/avr-gcc-7.3.0-atmel3.6.1-arduino7-i686-w64-mingw32/avr/bin/../lib/gcc/avr/7.3.0/../../../../avr/lib/avr5\libm.a(fp_zero.o)
                                                  c:/tools/avr-gcc-7.3.0-atmel3.6.1-arduino7-i686-w64-mingw32/avr/bin/../lib/gcc/avr/7.3.0/../../../../avr/lib/avr5\libm.a(fixunssfsi.o)
                                                  c:/tools/avr-gcc-7.3.0-atmel3.6.1-arduino7-i686-w64-mingw32/avr/bin/../lib/gcc/avr/7.3.0/../../../../avr/lib/avr5\libm.a(addsf3x.o)
__heap_end                                        c:/tools/avr-gcc-7.3.0-atmel3.6.1-arduino7-i686-w64-mingw32/avr/bin/../lib/gcc/avr/7.3.0/../../../../avr/lib/avr5/crtatmega328p.o
__init                                            c:/tools/avr-gcc-7.3.0-atmel3.6.1-arduino7-i686-w64-mingw32/avr/bin/../lib/gcc/avr/7.3.0/../../../../avr/lib/avr5/crtatmega328p.o
__lesf2                                           c:/tools/avr-gcc-7.3.0-atmel3.6.1-arduino7-i686-w64-mingw32/avr/bin/../lib/gcc/avr/7.3.0/../../../../avr/lib/avr5\libm.a(cmpsf2.o)
__ltsf2                                           c:/tools/avr-gcc-7.3.0-atmel3.6.1-arduino7-i686-w64-mingw32/avr/bin/../lib/gcc/avr/7.3.0/../../../../avr/lib/avr5\libm.a(cmpsf2.o)
                                                  C:\Users\zwing\AppData\Local\Temp\ccIpt1t1.ltrans0.ltrans.o
__mulsf3                                          c:/tools/avr-gcc-7.3.0-atmel3.6.1-arduino7-i686-w64-mingw32/avr/bin/../lib/gcc/avr/7.3.0/../../../../avr/lib/avr5\libm.a(mulsf3.o)
                                                  C:\Users\zwing\AppData\Local\Temp\ccIpt1t1.ltrans0.ltrans.o
__mulsf3_pse                                      c:/tools/avr-gcc-7.3.0-atmel3.6.1-arduino7-i686-w64-mingw32/avr/bin/../lib/gcc/avr/7.3.0/../../../../avr/lib/avr5\libm.a(mulsf3x.o)
__mulsf3x                                         c:/tools/avr-gcc-7.3.0-atmel3.6.1-arduino7-i686-w64-mingw32/avr/bin/../lib/gcc/avr/7.3.0/../../../../avr/lib/avr5\libm.a(mulsf3x.o)
                                                  c:/tools/avr-gcc-7.3.0-atmel3.6.1-arduino7-i686-w64-mingw32/avr/bin/../lib/gcc/avr/7.3.0/../../../../avr/lib/avr5\libm.a(mulsf3.o)
__nesf2                                           c:/tools/avr-gcc-7.3.0-atmel3.6.1-arduino7-i686-w64-mingw32/avr/bin/../lib/gcc/avr/7.3.0/../../../../avr/lib/avr5\libm.a(cmpsf2.o)
__stack                                           c:/tools/avr-gcc-7.3.0-atmel3.6.1-arduino7-i686-w64-mingw32/avr/bin/../lib/gcc/avr/7.3.0/../../../../avr/lib/avr5/crtatmega328p.o
__subsf3                                          c:/tools/avr-gcc-7.3.0-atmel3.6.1-arduino7-i686-w64-mingw32/avr/bin/../lib/gcc/avr/7.3.0/../../../../avr/lib/avr5\libm.a(addsf3.o)
                                                  C:\Users\zwing\AppData\Local\Temp\ccIpt1t1.ltrans0.ltrans.o
__udivmodhi4                                      c:/tools/avr-gcc-7.3.0-atmel3.6.1-arduino7-i686-w64-mingw32/avr/bin/../lib/gcc/avr/7.3.0/avr5\libgcc.a(_udivmodhi4.o)
                                                  c:/tools/avr-gcc-7.3.0-atmel3.6.1-arduino7-i686-w64-mingw32/avr/bin/../lib/gcc/avr/7.3.0/avr5\libgcc.a(_divmodhi4.o)
__vector_1                                        c:/tools/avr-gcc-7.3.0-atmel3.6.1-arduino7-i686-w64-mingw32/avr/bin/../lib/gcc/avr/7.3.0/../../../../avr/lib/avr5/crtatmega328p.o
__vector_10                                       c:/tools/avr-gcc-7.3.0-atmel3.6.1-arduino7-i686-w64-mingw32/avr/bin/../lib/gcc/avr/7.3.0/../../../../avr/lib/avr5/crtatmega328p.o
__vector_11                                       c:/tools/avr-gcc-7.3.0-atmel3.6.1-arduino7-i686-w64-mingw32/avr/bin/../lib/gcc/avr/7.3.0/../../../../avr/lib/avr5/crtatmega328p.o
__vector_12                                       c:/tools/avr-gcc-7.3.0-atmel3.6.1-arduino7-i686-w64-mingw32/avr/bin/../lib/gcc/avr/7.3.0/../../../../avr/lib/avr5/crtatmega328p.o
__vector_13                                       c:/tools/avr-gcc-7.3.0-atmel3.6.1-arduino7-i686-w64-mingw32/avr/bin/../lib/gcc/avr/7.3.0/../../../../avr/lib/avr5/crtatmega328p.o
__vector_14                                       c:/tools/avr-gcc-7.3.0-atmel3.6.1-arduino7-i686-w64-mingw32/avr/bin/../lib/gcc/avr/7.3.0/../../../../avr/lib/avr5/crtatmega328p.o
__vector_15                                       c:/tools/avr-gcc-7.3.0-atmel3.6.1-arduino7-i686-w64-mingw32/avr/bin/../lib/gcc/avr/7.3.0/../../../../avr/lib/avr5/crtatmega328p.o
__vector_16                                       c:/tools/avr-gcc-7.3.0-atmel3.6.1-arduino7-i686-w64-mingw32/avr/bin/../lib/gcc/avr/7.3.0/../../../../avr/lib/avr5/crtatmega328p.o
__vector_17                                       c:/tools/avr-gcc-7.3.0-atmel3.6.1-arduino7-i686-w64-mingw32/avr/bin/../lib/gcc/avr/7.3.0/../../../../avr/lib/avr5/crtatmega328p.o
__vector_18                                       c:/tools/avr-gcc-7.3.0-atmel3.6.1-arduino7-i686-w64-mingw32/avr/bin/../lib/gcc/avr/7.3.0/../../../../avr/lib/avr5/crtatmega328p.o
__vector_19                                       c:/tools/avr-gcc-7.3.0-atmel3.6.1-arduino7-i686-w64-mingw32/avr/bin/../lib/gcc/avr/7.3.0/../../../../avr/lib/avr5/crtatmega328p.o
__vector_2                                        c:/tools/avr-gcc-7.3.0-atmel3.6.1-arduino7-i686-w64-mingw32/avr/bin/../lib/gcc/avr/7.3.0/../../../../avr/lib/avr5/crtatmega328p.o
__vector_20                                       c:/tools/avr-gcc-7.3.0-atmel3.6.1-arduino7-i686-w64-mingw32/avr/bin/../lib/gcc/avr/7.3.0/../../../../avr/lib/avr5/crtatmega328p.o
__vector_21                                       c:/tools/avr-gcc-7.3.0-atmel3.6.1-arduino7-i686-w64-mingw32/avr/bin/../lib/gcc/avr/7.3.0/../../../../avr/lib/avr5/crtatmega328p.o
__vector_22                                       c:/tools/avr-gcc-7.3.0-atmel3.6.1-arduino7-i686-w64-mingw32/avr/bin/../lib/gcc/avr/7.3.0/../../../../avr/lib/avr5/crtatmega328p.o
__vector_23                                       c:/tools/avr-gcc-7.3.0-atmel3.6.1-arduino7-i686-w64-mingw32/avr/bin/../lib/gcc/avr/7.3.0/../../../../avr/lib/avr5/crtatmega328p.o
__vector_24                                       C:\Users\zwing\AppData\Local\Temp\ccIpt1t1.ltrans0.ltrans.o
                                                  CMakeFiles/atmega328p_fw.elf.dir/twi.c.obj (symbol from plugin)
                                                  c:/tools/avr-gcc-7.3.0-atmel3.6.1-arduino7-i686-w64-mingw32/avr/bin/../lib/gcc/avr/7.3.0/../../../../avr/lib/avr5/crtatmega328p.o
__vector_25                                       c:/tools/avr-gcc-7.3.0-atmel3.6.1-arduino7-i686-w64-mingw32/avr/bin/../lib/gcc/avr/7.3.0/../../../../avr/lib/avr5/crtatmega328p.o
__vector_3                                        c:/tools/avr-gcc-7.3.0-atmel3.6.1-arduino7-i686-w64-mingw32/avr/bin/../lib/gcc/avr/7.3.0/../../../../avr/lib/avr5/crtatmega328p.o
__vector_4                                        c:/tools/avr-gcc-7.3.0-atmel3.6.1-arduino7-i686-w64-mingw32/avr/bin/../lib/gcc/avr/7.3.0/../../../../avr/lib/avr5/crtatmega328p.o
__vector_5                                        c:/tools/avr-gcc-7.3.0-atmel3.6.1-arduino7-i686-w64-mingw32/avr/bin/../lib/gcc/avr/7.3.0/../../../../avr/lib/avr5/crtatmega328p.o
__vector_6                                        c:/tools/avr-gcc-7.3.0-atmel3.6.1-arduino7-i686-w64-mingw32/avr/bin/../lib/gcc/avr/7.3.0/../../../../avr/lib/avr5/crtatmega328p.o
__vector_7                                        C:\Users\zwing\AppData\Local\Temp\ccIpt1t1.ltrans0.ltrans.o
                                                  CMakeFiles/atmega328p_fw.elf.dir/millis.c.obj (symbol from plugin)
                                                  c:/tools/avr-gcc-7.3.0-atmel3.6.1-arduino7-i686-w64-mingw32/avr/bin/../lib/gcc/avr/7.3.0/../../../../avr/lib/avr5/crtatmega328p.o
__vector_8                                        c:/tools/avr-gcc-7.3.0-atmel3.6.1-arduino7-i686-w64-mingw32/avr/bin/../lib/gcc/avr/7.3.0/../../../../avr/lib/avr5/crtatmega328p.o
__vector_9                                        c:/tools/avr-gcc-7.3.0-atmel3.6.1-arduino7-i686-w64-mingw32/avr/bin/../lib/gcc/avr/7.3.0/../../../../avr/lib/avr5/crtatmega328p.o
__vector_default                                  c:/tools/avr-gcc-7.3.0-atmel3.6.1-arduino7-i686-w64-mingw32/avr/bin/../lib/gcc/avr/7.3.0/../../../../avr/lib/avr5/crtatmega328p.o
__vectors                                         c:/tools/avr-gcc-7.3.0-atmel3.6.1-arduino7-i686-w64-mingw32/avr/bin/../lib/gcc/avr/7.3.0/../../../../avr/lib/avr5/crtatmega328p.o
_div                                              c:/tools/avr-gcc-7.3.0-atmel3.6.1-arduino7-i686-w64-mingw32/avr/bin/../lib/gcc/avr/7.3.0/avr5\libgcc.a(_divmodhi4.o)
_exit                                             c:/tools/avr-gcc-7.3.0-atmel3.6.1-arduino7-i686-w64-mingw32/avr/bin/../lib/gcc/avr/7.3.0/avr5\libgcc.a(_exit.o)
aRes                                              CMakeFiles/atmega328p_fw.elf.dir/main.cpp.obj (symbol from plugin)
                                                  CMakeFiles/atmega328p_fw.elf.dir/mpu9250.c.obj (symbol from plugin)
accelBias                                         CMakeFiles/atmega328p_fw.elf.dir/mpu9250.c.obj (symbol from plugin)
accelCount                                        CMakeFiles/atmega328p_fw.elf.dir/main.cpp.obj (symbol from plugin)
ax                                                CMakeFiles/atmega328p_fw.elf.dir/main.cpp.obj (symbol from plugin)
ay                                                CMakeFiles/atmega328p_fw.elf.dir/main.cpp.obj (symbol from plugin)
az                                                CMakeFiles/atmega328p_fw.elf.dir/main.cpp.obj (symbol from plugin)
beta                                              CMakeFiles/atmega328p_fw.elf.dir/mpu9250.c.obj (symbol from plugin)
calibrateMPU9250                                  CMakeFiles/atmega328p_fw.elf.dir/mpu9250.c.obj (symbol from plugin)
count                                             CMakeFiles/atmega328p_fw.elf.dir/main.cpp.obj (symbol from plugin)
cubePosX                                          CMakeFiles/atmega328p_fw.elf.dir/main.cpp.obj (symbol from plugin)
cubePosY                                          CMakeFiles/atmega328p_fw.elf.dir/main.cpp.obj (symbol from plugin)
currentThetaX                                     CMakeFiles/atmega328p_fw.elf.dir/main.cpp.obj (symbol from plugin)
currentThetaY                                     CMakeFiles/atmega328p_fw.elf.dir/main.cpp.obj (symbol from plugin)
delt_t                                            CMakeFiles/atmega328p_fw.elf.dir/main.cpp.obj (symbol from plugin)
deltat                                            CMakeFiles/atmega328p_fw.elf.dir/mpu9250.c.obj (symbol from plugin)
eInt                                              CMakeFiles/atmega328p_fw.elf.dir/main.cpp.obj (symbol from plugin)
err_flag                                          CMakeFiles/atmega328p_fw.elf.dir/main.cpp.obj (symbol from plugin)
exit                                              c:/tools/avr-gcc-7.3.0-atmel3.6.1-arduino7-i686-w64-mingw32/avr/bin/../lib/gcc/avr/7.3.0/avr5\libgcc.a(_exit.o)
                                                  c:/tools/avr-gcc-7.3.0-atmel3.6.1-arduino7-i686-w64-mingw32/avr/bin/../lib/gcc/avr/7.3.0/../../../../avr/lib/avr5/crtatmega328p.o
floor                                             c:/tools/avr-gcc-7.3.0-atmel3.6.1-arduino7-i686-w64-mingw32/avr/bin/../lib/gcc/avr/7.3.0/../../../../avr/lib/avr5\libm.a(floor.o)
                                                  C:\Users\zwing\AppData\Local\Temp\ccIpt1t1.ltrans0.ltrans.o
gRes                                              CMakeFiles/atmega328p_fw.elf.dir/main.cpp.obj (symbol from plugin)
                                                  CMakeFiles/atmega328p_fw.elf.dir/mpu9250.c.obj (symbol from plugin)
getAres                                           CMakeFiles/atmega328p_fw.elf.dir/mpu9250.c.obj (symbol from plugin)
getGres                                           CMakeFiles/atmega328p_fw.elf.dir/mpu9250.c.obj (symbol from plugin)
getMres                                           CMakeFiles/atmega328p_fw.elf.dir/mpu9250.c.obj (symbol from plugin)
gx                                                CMakeFiles/atmega328p_fw.elf.dir/main.cpp.obj (symbol from plugin)
gy                                                CMakeFiles/atmega328p_fw.elf.dir/main.cpp.obj (symbol from plugin)
gyroBias                                          CMakeFiles/atmega328p_fw.elf.dir/mpu9250.c.obj (symbol from plugin)
gyroCount                                         CMakeFiles/atmega328p_fw.elf.dir/main.cpp.obj (symbol from plugin)
gz                                                CMakeFiles/atmega328p_fw.elf.dir/main.cpp.obj (symbol from plugin)
initAK8963                                        CMakeFiles/atmega328p_fw.elf.dir/mpu9250.c.obj (symbol from plugin)
initMPU9250                                       CMakeFiles/atmega328p_fw.elf.dir/mpu9250.c.obj (symbol from plugin)
job                                               CMakeFiles/atmega328p_fw.elf.dir/main.cpp.obj (symbol from plugin)
lastUpdate                                        CMakeFiles/atmega328p_fw.elf.dir/main.cpp.obj (symbol from plugin)
mRes                                              CMakeFiles/atmega328p_fw.elf.dir/main.cpp.obj (symbol from plugin)
                                                  CMakeFiles/atmega328p_fw.elf.dir/mpu9250.c.obj (symbol from plugin)
magBias                                           CMakeFiles/atmega328p_fw.elf.dir/mpu9250.c.obj (symbol from plugin)
magCalibration                                    CMakeFiles/atmega328p_fw.elf.dir/mpu9250.c.obj (symbol from plugin)
magCount                                          CMakeFiles/atmega328p_fw.elf.dir/main.cpp.obj (symbol from plugin)
magScale                                          CMakeFiles/atmega328p_fw.elf.dir/mpu9250.c.obj (symbol from plugin)
magbias                                           CMakeFiles/atmega328p_fw.elf.dir/mpu9250.c.obj (symbol from plugin)
magcalMPU9250                                     CMakeFiles/atmega328p_fw.elf.dir/mpu9250.c.obj (symbol from plugin)
main                                              C:\Users\zwing\AppData\Local\Temp\ccIpt1t1.ltrans0.ltrans.o
                                                  CMakeFiles/atmega328p_fw.elf.dir/main.cpp.obj (symbol from plugin)
                                                  c:/tools/avr-gcc-7.3.0-atmel3.6.1-arduino7-i686-w64-mingw32/avr/bin/../lib/gcc/avr/7.3.0/../../../../avr/lib/avr5/crtatmega328p.o
micros_get                                        CMakeFiles/atmega328p_fw.elf.dir/millis.c.obj (symbol from plugin)
millis_add                                        CMakeFiles/atmega328p_fw.elf.dir/millis.c.obj (symbol from plugin)
millis_get                                        CMakeFiles/atmega328p_fw.elf.dir/millis.c.obj (symbol from plugin)
millis_init                                       CMakeFiles/atmega328p_fw.elf.dir/millis.c.obj (symbol from plugin)
millis_pause                                      CMakeFiles/atmega328p_fw.elf.dir/millis.c.obj (symbol from plugin)
millis_reset                                      CMakeFiles/atmega328p_fw.elf.dir/millis.c.obj (symbol from plugin)
millis_resume                                     CMakeFiles/atmega328p_fw.elf.dir/millis.c.obj (symbol from plugin)
millis_subtract                                   CMakeFiles/atmega328p_fw.elf.dir/millis.c.obj (symbol from plugin)
milliseconds                                      CMakeFiles/atmega328p_fw.elf.dir/millis.c.obj (symbol from plugin)
mpu9250_setup                                     CMakeFiles/atmega328p_fw.elf.dir/mpu9250.c.obj (symbol from plugin)
mx                                                CMakeFiles/atmega328p_fw.elf.dir/main.cpp.obj (symbol from plugin)
my                                                CMakeFiles/atmega328p_fw.elf.dir/main.cpp.obj (symbol from plugin)
mz                                                CMakeFiles/atmega328p_fw.elf.dir/main.cpp.obj (symbol from plugin)
oled_flag                                         CMakeFiles/atmega328p_fw.elf.dir/main.cpp.obj (symbol from plugin)
pitch                                             CMakeFiles/atmega328p_fw.elf.dir/main.cpp.obj (symbol from plugin)
q                                                 CMakeFiles/atmega328p_fw.elf.dir/main.cpp.obj (symbol from plugin)
readAccelData                                     CMakeFiles/atmega328p_fw.elf.dir/mpu9250.c.obj (symbol from plugin)
readByte                                          CMakeFiles/atmega328p_fw.elf.dir/mpu9250.c.obj (symbol from plugin)
readByte_Debug                                    CMakeFiles/atmega328p_fw.elf.dir/mpu9250.c.obj (symbol from plugin)
readBytes                                         CMakeFiles/atmega328p_fw.elf.dir/mpu9250.c.obj (symbol from plugin)
readBytes_Debug                                   CMakeFiles/atmega328p_fw.elf.dir/mpu9250.c.obj (symbol from plugin)
readGyroData                                      CMakeFiles/atmega328p_fw.elf.dir/mpu9250.c.obj (symbol from plugin)
readMagData                                       CMakeFiles/atmega328p_fw.elf.dir/mpu9250.c.obj (symbol from plugin)
readTempData                                      CMakeFiles/atmega328p_fw.elf.dir/mpu9250.c.obj (symbol from plugin)
roll                                              CMakeFiles/atmega328p_fw.elf.dir/main.cpp.obj (symbol from plugin)
sum                                               CMakeFiles/atmega328p_fw.elf.dir/mpu9250.c.obj (symbol from plugin)
sumCount                                          CMakeFiles/atmega328p_fw.elf.dir/main.cpp.obj (symbol from plugin)
tempCount                                         CMakeFiles/atmega328p_fw.elf.dir/main.cpp.obj (symbol from plugin)
                                                  CMakeFiles/atmega328p_fw.elf.dir/mpu9250.c.obj (symbol from plugin)
temperature                                       CMakeFiles/atmega328p_fw.elf.dir/main.cpp.obj (symbol from plugin)
                                                  CMakeFiles/atmega328p_fw.elf.dir/mpu9250.c.obj (symbol from plugin)
twi_attachSlaveRxEvent                            CMakeFiles/atmega328p_fw.elf.dir/twi.c.obj (symbol from plugin)
twi_attachSlaveTxEvent                            CMakeFiles/atmega328p_fw.elf.dir/twi.c.obj (symbol from plugin)
twi_disInt                                        CMakeFiles/atmega328p_fw.elf.dir/twi.c.obj (symbol from plugin)
twi_enInt                                         CMakeFiles/atmega328p_fw.elf.dir/twi.c.obj (symbol from plugin)
twi_init                                          CMakeFiles/atmega328p_fw.elf.dir/twi.c.obj (symbol from plugin)
twi_readFrom                                      CMakeFiles/atmega328p_fw.elf.dir/twi.c.obj (symbol from plugin)
                                                  CMakeFiles/atmega328p_fw.elf.dir/mpu9250.c.obj (symbol from plugin)
twi_releaseBus                                    CMakeFiles/atmega328p_fw.elf.dir/twi.c.obj (symbol from plugin)
twi_reply                                         CMakeFiles/atmega328p_fw.elf.dir/twi.c.obj (symbol from plugin)
twi_setAddress                                    CMakeFiles/atmega328p_fw.elf.dir/twi.c.obj (symbol from plugin)
twi_stop                                          CMakeFiles/atmega328p_fw.elf.dir/twi.c.obj (symbol from plugin)
twi_transmit                                      CMakeFiles/atmega328p_fw.elf.dir/twi.c.obj (symbol from plugin)
twi_writeTo                                       CMakeFiles/atmega328p_fw.elf.dir/twi.c.obj (symbol from plugin)
                                                  CMakeFiles/atmega328p_fw.elf.dir/mpu9250.c.obj (symbol from plugin)
writeByte                                         CMakeFiles/atmega328p_fw.elf.dir/mpu9250.c.obj (symbol from plugin)
yaw                                               CMakeFiles/atmega328p_fw.elf.dir/main.cpp.obj (symbol from plugin)
zeta                                              CMakeFiles/atmega328p_fw.elf.dir/mpu9250.c.obj (symbol from plugin)
